This is pdfTeX, Version 3.141592653-2.6-1.40.27 (TeX Live 2025) (preloaded format=pdflatex 2025.6.19)  18 JUL 2025 01:34
entering extended mode
 restricted \write18 enabled.
 file:line:error style messages enabled.
 %&-line parsing enabled.
**/Users/kun.wan/workdir/data-ly/thesis_ly/main
(/Users/kun.wan/workdir/data-ly/thesis_ly/main.tex
LaTeX2e <2024-11-01> patch level 2
L3 programming layer <2025-01-18>
(/usr/local/texlive/2025/texmf-dist/tex/latex/base/report.cls
Document Class: report 2024/06/29 v1.4n Standard LaTeX document class
(/usr/local/texlive/2025/texmf-dist/tex/latex/base/size12.clo
File: size12.clo 2024/06/29 v1.4n Standard LaTeX file (size option)
)
\c@part=\count196
\c@chapter=\count197
\c@section=\count198
\c@subsection=\count199
\c@subsubsection=\count266
\c@paragraph=\count267
\c@subparagraph=\count268
\c@figure=\count269
\c@table=\count270
\abovecaptionskip=\skip49
\belowcaptionskip=\skip50
\bibindent=\dimen141
) (/usr/local/texlive/2025/texmf-dist/tex/latex/setspace/setspace.sty
Package: setspace 2022/12/04 v6.7b set line spacing
) (/usr/local/texlive/2025/texmf-dist/tex/latex/base/inputenc.sty
Package: inputenc 2024/02/08 v1.3d Input encoding file
\inpenc@prehook=\toks17
\inpenc@posthook=\toks18
) (/usr/local/texlive/2025/texmf-dist/tex/generic/babel/babel.sty
Package: babel 2025/02/14 v25.4 The multilingual framework for pdfLaTeX, LuaLaTeX and XeLaTeX
\babel@savecnt=\count271
\U@D=\dimen142
\l@unhyphenated=\language90
 (/usr/local/texlive/2025/texmf-dist/tex/generic/babel/txtbabel.def)
\bbl@readstream=\read2
\bbl@dirlevel=\count272
 (/usr/local/texlive/2025/texmf-dist/tex/generic/babel-english/english.ldf
Language: english 2017/06/06 v3.3r English support from the babel system
Package babel Info: Hyphen rules for 'canadian' set to \l@english
(babel)             (\language0). Reported on input line 102.
Package babel Info: Hyphen rules for 'australian' set to \l@ukenglish
(babel)             (\language22). Reported on input line 105.
Package babel Info: Hyphen rules for 'newzealand' set to \l@ukenglish
(babel)             (\language22). Reported on input line 108.
)) (/usr/local/texlive/2025/texmf-dist/tex/generic/babel/locale/en/babel-english.tex
Package babel Info: Importing font and identification data for english
(babel)             from babel-en.ini. Reported on input line 11.
) (/usr/local/texlive/2025/texmf-dist/tex/latex/wrapfig/wrapfig.sty
\wrapoverhang=\dimen143
\WF@size=\dimen144
\c@WF@wrappedlines=\count273
\WF@box=\box52
\WF@everypar=\toks19
Package: wrapfig 2003/01/31  v 3.6
) (/usr/local/texlive/2025/texmf-dist/tex/latex/graphics/graphicx.sty
Package: graphicx 2021/09/16 v1.2d Enhanced LaTeX Graphics (DPC,SPQR)
 (/usr/local/texlive/2025/texmf-dist/tex/latex/graphics/keyval.sty
Package: keyval 2022/05/29 v1.15 key=value parser (DPC)
\KV@toks@=\toks20
) (/usr/local/texlive/2025/texmf-dist/tex/latex/graphics/graphics.sty
Package: graphics 2024/08/06 v1.4g Standard LaTeX Graphics (DPC,SPQR)
 (/usr/local/texlive/2025/texmf-dist/tex/latex/graphics/trig.sty
Package: trig 2023/12/02 v1.11 sin cos tan (DPC)
) (/usr/local/texlive/2025/texmf-dist/tex/latex/graphics-cfg/graphics.cfg
File: graphics.cfg 2016/06/04 v1.11 sample graphics configuration
)
Package graphics Info: Driver file: pdftex.def on input line 106.
 (/usr/local/texlive/2025/texmf-dist/tex/latex/graphics-def/pdftex.def
File: pdftex.def 2024/04/13 v1.2c Graphics/color driver for pdftex
))
\Gin@req@height=\dimen145
\Gin@req@width=\dimen146
) (/usr/local/texlive/2025/texmf-dist/tex/latex/float/float.sty
Package: float 2001/11/08 v1.3d Float enhancements (AL)
\c@float@type=\count274
\float@exts=\toks21
\float@box=\box53
\@float@everytoks=\toks22
\@floatcapt=\box54
) (/usr/local/texlive/2025/texmf-dist/tex/latex/mhchem/mhchem.sty
Package: mhchem 2024/01/29 v4.10 for typesetting chemical formulae
 (/usr/local/texlive/2025/texmf-dist/tex/latex/l3kernel/expl3.sty
Package: expl3 2025-01-18 L3 programming layer (loader) 
 (/usr/local/texlive/2025/texmf-dist/tex/latex/l3backend/l3backend-pdftex.def
File: l3backend-pdftex.def 2024-05-08 L3 backend support: PDF output (pdfTeX)
\l__color_backend_stack_int=\count275
\l__pdf_internal_box=\box55
)) (/usr/local/texlive/2025/texmf-dist/tex/latex/l3packages/l3keys2e/l3keys2e.sty
Package: l3keys2e 2024-08-16 LaTeX2e option processing using LaTeX3 keys
) (/usr/local/texlive/2025/texmf-dist/tex/latex/tools/calc.sty
Package: calc 2023/07/08 v4.3 Infix arithmetic (KKT,FJ)
\calc@Acount=\count276
\calc@Bcount=\count277
\calc@Adimen=\dimen147
\calc@Bdimen=\dimen148
\calc@Askip=\skip51
\calc@Bskip=\skip52
LaTeX Info: Redefining \setlength on input line 80.
LaTeX Info: Redefining \addtolength on input line 81.
\calc@Ccount=\count278
\calc@Cskip=\skip53
) (/usr/local/texlive/2025/texmf-dist/tex/latex/amsmath/amsmath.sty
Package: amsmath 2024/11/05 v2.17t AMS math features
\@mathmargin=\skip54

For additional information on amsmath, use the `?' option.
(/usr/local/texlive/2025/texmf-dist/tex/latex/amsmath/amstext.sty
Package: amstext 2021/08/26 v2.01 AMS text
 (/usr/local/texlive/2025/texmf-dist/tex/latex/amsmath/amsgen.sty
File: amsgen.sty 1999/11/30 v2.0 generic functions
\@emptytoks=\toks23
\ex@=\dimen149
)) (/usr/local/texlive/2025/texmf-dist/tex/latex/amsmath/amsbsy.sty
Package: amsbsy 1999/11/29 v1.2d Bold Symbols
\pmbraise@=\dimen150
) (/usr/local/texlive/2025/texmf-dist/tex/latex/amsmath/amsopn.sty
Package: amsopn 2022/04/08 v2.04 operator names
)
\inf@bad=\count279
LaTeX Info: Redefining \frac on input line 233.
\uproot@=\count280
\leftroot@=\count281
LaTeX Info: Redefining \overline on input line 398.
LaTeX Info: Redefining \colon on input line 409.
\classnum@=\count282
\DOTSCASE@=\count283
LaTeX Info: Redefining \ldots on input line 495.
LaTeX Info: Redefining \dots on input line 498.
LaTeX Info: Redefining \cdots on input line 619.
\Mathstrutbox@=\box56
\strutbox@=\box57
LaTeX Info: Redefining \big on input line 721.
LaTeX Info: Redefining \Big on input line 722.
LaTeX Info: Redefining \bigg on input line 723.
LaTeX Info: Redefining \Bigg on input line 724.
\big@size=\dimen151
LaTeX Font Info:    Redeclaring font encoding OML on input line 742.
LaTeX Font Info:    Redeclaring font encoding OMS on input line 743.
\macc@depth=\count284
LaTeX Info: Redefining \bmod on input line 904.
LaTeX Info: Redefining \pmod on input line 909.
LaTeX Info: Redefining \smash on input line 939.
LaTeX Info: Redefining \relbar on input line 969.
LaTeX Info: Redefining \Relbar on input line 970.
\c@MaxMatrixCols=\count285
\dotsspace@=\muskip17
\c@parentequation=\count286
\dspbrk@lvl=\count287
\tag@help=\toks24
\row@=\count288
\column@=\count289
\maxfields@=\count290
\andhelp@=\toks25
\eqnshift@=\dimen152
\alignsep@=\dimen153
\tagshift@=\dimen154
\tagwidth@=\dimen155
\totwidth@=\dimen156
\lineht@=\dimen157
\@envbody=\toks26
\multlinegap=\skip55
\multlinetaggap=\skip56
\mathdisplay@stack=\toks27
LaTeX Info: Redefining \[ on input line 2953.
LaTeX Info: Redefining \] on input line 2954.
) (/usr/local/texlive/2025/texmf-dist/tex/latex/chemgreek/chemgreek.sty (/usr/local/texlive/2025/texmf-dist/tex/latex/l3packages/xparse/xparse.sty
Package: xparse 2024-08-16 L3 Experimental document command parser
)
Package: chemgreek 2020/01/16 v1.1a interface for upright Greek letters for use in chemistry (CN)
\l__chemgreek_tmpa_int=\count291
\g__chemgreek_tmpa_int=\count292
)
\l__mhchem_ce_distanceFromLastComma_int=\count293
\__mhchem_arrow_extPgfLength_skip=\skip57
\mhchem@minispace@tmp=\skip58
\mhchem@minibackspace@tmp=\skip59
\mhchem@bondwidth=\skip60
\mhchem@bondheight=\skip61
\mhchem@smallbondwidth@tmpA=\skip62
\mhchem@smallbondwidth@tmpB=\skip63
\mhchem@smallbondwidth=\skip64
\mhchem@bondtmp@minussidebearingleft=\skip65
\mhchem@bondtmp@minussidebearingright=\skip66
\l__mhchem_option_version_int=\count294
\mhchem@option@minusmathsidebearingleft=\dimen158
\mhchem@option@minusmathsidebearingright=\dimen159
\mhchem@option@minustextsidebearingleft=\dimen160
\mhchem@option@minustextsidebearingright=\dimen161
) (/usr/local/texlive/2025/texmf-dist/tex/latex/amsfonts/amssymb.sty
Package: amssymb 2013/01/14 v3.01 AMS font symbols
 (/usr/local/texlive/2025/texmf-dist/tex/latex/amsfonts/amsfonts.sty
Package: amsfonts 2013/01/14 v3.01 Basic AMSFonts support
\symAMSa=\mathgroup4
\symAMSb=\mathgroup5
LaTeX Font Info:    Redeclaring math symbol \hbar on input line 98.
LaTeX Font Info:    Overwriting math alphabet `\mathfrak' in version `bold'
(Font)                  U/euf/m/n --> U/euf/b/n on input line 106.
)) (/usr/local/texlive/2025/texmf-dist/tex/latex/base/textcomp.sty
Package: textcomp 2024/04/24 v2.1b Standard LaTeX package
) (/usr/local/texlive/2025/texmf-dist/tex/latex/gensymb/gensymb.sty
Package: gensymb 2022/10/17 v1.0.2 (KJH)
) (/usr/local/texlive/2025/texmf-dist/tex/latex/appendix/appendix.sty
Package: appendix 2020/02/08 v1.2c extra appendix facilities
\c@@pps=\count295
\c@@ppsavesec=\count296
\c@@ppsaveapp=\count297
) (/usr/local/texlive/2025/texmf-dist/tex/latex/colortbl/colortbl.sty
Package: colortbl 2024/07/06 v1.0i Color table columns (DPC)
 (/usr/local/texlive/2025/texmf-dist/tex/latex/tools/array.sty
Package: array 2024/10/17 v2.6g Tabular extension package (FMi)
\col@sep=\dimen162
\ar@mcellbox=\box58
\extrarowheight=\dimen163
\NC@list=\toks28
\extratabsurround=\skip67
\backup@length=\skip68
\ar@cellbox=\box59
) (/usr/local/texlive/2025/texmf-dist/tex/latex/graphics/color.sty
Package: color 2024/06/23 v1.3e Standard LaTeX Color (DPC)
 (/usr/local/texlive/2025/texmf-dist/tex/latex/graphics-cfg/color.cfg
File: color.cfg 2016/01/02 v1.6 sample color configuration
)
Package color Info: Driver file: pdftex.def on input line 149.
 (/usr/local/texlive/2025/texmf-dist/tex/latex/graphics/mathcolor.ltx))
\everycr=\toks29
\minrowclearance=\skip69
\rownum=\count298
) (/usr/local/texlive/2025/texmf-dist/tex/latex/graphics/rotating.sty
Package: rotating 2016/08/11 v2.16d rotated objects in LaTeX
 (/usr/local/texlive/2025/texmf-dist/tex/latex/base/ifthen.sty
Package: ifthen 2024/03/16 v1.1e Standard LaTeX ifthen package (DPC)
)
\c@r@tfl@t=\count299
\rotFPtop=\skip70
\rotFPbot=\skip71
\rot@float@box=\box60
\rot@mess@toks=\toks30
) (/usr/local/texlive/2025/texmf-dist/tex/latex/tools/bm.sty
Package: bm 2023/12/19 v1.2f Bold Symbol Support (DPC/FMi)
\symboldoperators=\mathgroup6
\symboldletters=\mathgroup7
\symboldsymbols=\mathgroup8
Package bm Info: No bold for \OMX/cmex/m/n, using \pmb.
Package bm Info: No bold for \U/msa/m/n, using \pmb.
Package bm Info: No bold for \U/msb/m/n, using \pmb.
LaTeX Font Info:    Redeclaring math alphabet \mathbf on input line 149.
) (/usr/local/texlive/2025/texmf-dist/tex/latex/multirow/multirow.sty
Package: multirow 2024/11/12 v2.9 Span multiple rows of a table
\multirow@colwidth=\skip72
\multirow@cntb=\count300
\multirow@dima=\skip73
\bigstrutjot=\dimen164
) (/usr/local/texlive/2025/texmf-dist/tex/latex/tools/longtable.sty
Package: longtable 2024-10-27 v4.22 Multi-page Table package (DPC)
\LTleft=\skip74
\LTright=\skip75
\LTpre=\skip76
\LTpost=\skip77
\LTchunksize=\count301
\LTcapwidth=\dimen165
\LT@head=\box61
\LT@firsthead=\box62
\LT@foot=\box63
\LT@lastfoot=\box64
\LT@gbox=\box65
\LT@cols=\count302
\LT@rows=\count303
\c@LT@tables=\count304
\c@LT@chunks=\count305
\LT@p@ftn=\toks31
) (/usr/local/texlive/2025/texmf-dist/tex/latex/booktabs/booktabs.sty
Package: booktabs 2020/01/12 v1.61803398 Publication quality tables
\heavyrulewidth=\dimen166
\lightrulewidth=\dimen167
\cmidrulewidth=\dimen168
\belowrulesep=\dimen169
\belowbottomsep=\dimen170
\aboverulesep=\dimen171
\abovetopsep=\dimen172
\cmidrulesep=\dimen173
\cmidrulekern=\dimen174
\defaultaddspace=\dimen175
\@cmidla=\count306
\@cmidlb=\count307
\@aboverulesep=\dimen176
\@belowrulesep=\dimen177
\@thisruleclass=\count308
\@lastruleclass=\count309
\@thisrulewidth=\dimen178
) (/usr/local/texlive/2025/texmf-dist/tex/latex/pdfpages/pdfpages.sty
Package: pdfpages 2025/01/30 v0.6e Insert pages of external PDF documents (AM)
 (/usr/local/texlive/2025/texmf-dist/tex/latex/eso-pic/eso-pic.sty
Package: eso-pic 2023/05/03 v3.0c eso-pic (RN)
\ESO@tempdima=\dimen179
\ESO@tempdimb=\dimen180
) (/usr/local/texlive/2025/texmf-dist/tex/latex/etoolbox/etoolbox.sty
Package: etoolbox 2025/02/11 v2.5l e-TeX tools for LaTeX (JAW)
\etb@tempcnta=\count310
)
\AM@pagewidth=\dimen181
\AM@pageheight=\dimen182
\AM@fboxrule=\dimen183
 (/usr/local/texlive/2025/texmf-dist/tex/latex/pdfpages/pppdftex.def
File: pppdftex.def 2025/01/30 v0.6e Pdfpages driver for pdfTeX (AM)
)
\pdfpages@includegraphics@status=\count311
\AM@pagebox=\box66
\AM@global@opts=\toks32
\AM@pagecnt=\count312
\AM@toc@title=\toks33
\AM@lof@heading=\toks34
\c@AM@survey=\count313
\AM@templatesizebox=\box67
) (/usr/local/texlive/2025/texmf-dist/tex/latex/caption/caption.sty
Package: caption 2023/08/05 v3.6o Customizing captions (AR)
 (/usr/local/texlive/2025/texmf-dist/tex/latex/caption/caption3.sty
Package: caption3 2023/07/31 v2.4d caption3 kernel (AR)
\caption@tempdima=\dimen184
\captionmargin=\dimen185
\caption@leftmargin=\dimen186
\caption@rightmargin=\dimen187
\caption@width=\dimen188
\caption@indent=\dimen189
\caption@parindent=\dimen190
\caption@hangindent=\dimen191
Package caption Info: Standard document class detected.
)
\c@caption@flags=\count314
\c@continuedfloat=\count315
Package caption Info: float package is loaded.
Package caption Info: longtable package is loaded.
 (/usr/local/texlive/2025/texmf-dist/tex/latex/caption/ltcaption.sty
Package: ltcaption 2021/01/08 v1.4c longtable captions (AR)
)
Package caption Info: rotating package is loaded.
Package caption Info: wrapfig package is loaded.
) (/usr/local/texlive/2025/texmf-dist/tex/latex/tocbibind/tocbibind.sty
Package: tocbibind 2010/10/13 v1.5k extra ToC listings
Package tocbibind Info: The document has chapter divisions on input line 50.


Package tocbibind Note: Using chapter style headings, unless overridden.

) (/usr/local/texlive/2025/texmf-dist/tex/latex/caption/subcaption.sty
Package: subcaption 2023/07/28 v1.6b Sub-captions (AR)
Package caption Info: New subtype `subfigure' on input line 238.
\c@subfigure=\count316
Package caption Info: New subtype `subtable' on input line 238.
\c@subtable=\count317
) (/usr/local/texlive/2025/texmf-dist/tex/latex/hyperref/hyperref.sty
Package: hyperref 2024-11-05 v7.01l Hypertext links for LaTeX
 (/usr/local/texlive/2025/texmf-dist/tex/generic/iftex/iftex.sty
Package: iftex 2024/12/12 v1.0g TeX engine tests
) (/usr/local/texlive/2025/texmf-dist/tex/latex/kvsetkeys/kvsetkeys.sty
Package: kvsetkeys 2022-10-05 v1.19 Key value parser (HO)
) (/usr/local/texlive/2025/texmf-dist/tex/generic/kvdefinekeys/kvdefinekeys.sty
Package: kvdefinekeys 2019-12-19 v1.6 Define keys (HO)
) (/usr/local/texlive/2025/texmf-dist/tex/generic/pdfescape/pdfescape.sty
Package: pdfescape 2019/12/09 v1.15 Implements pdfTeX's escape features (HO)
 (/usr/local/texlive/2025/texmf-dist/tex/generic/ltxcmds/ltxcmds.sty
Package: ltxcmds 2023-12-04 v1.26 LaTeX kernel commands for general use (HO)
) (/usr/local/texlive/2025/texmf-dist/tex/generic/pdftexcmds/pdftexcmds.sty
Package: pdftexcmds 2020-06-27 v0.33 Utility functions of pdfTeX for LuaTeX (HO)
 (/usr/local/texlive/2025/texmf-dist/tex/generic/infwarerr/infwarerr.sty
Package: infwarerr 2019/12/03 v1.5 Providing info/warning/error messages (HO)
)
Package pdftexcmds Info: \pdf@primitive is available.
Package pdftexcmds Info: \pdf@ifprimitive is available.
Package pdftexcmds Info: \pdfdraftmode found.
)) (/usr/local/texlive/2025/texmf-dist/tex/latex/hycolor/hycolor.sty
Package: hycolor 2020-01-27 v1.10 Color options for hyperref/bookmark (HO)
) (/usr/local/texlive/2025/texmf-dist/tex/latex/hyperref/nameref.sty
Package: nameref 2023-11-26 v2.56 Cross-referencing by name of section
 (/usr/local/texlive/2025/texmf-dist/tex/latex/refcount/refcount.sty
Package: refcount 2019/12/15 v3.6 Data extraction from label references (HO)
) (/usr/local/texlive/2025/texmf-dist/tex/generic/gettitlestring/gettitlestring.sty
Package: gettitlestring 2019/12/15 v1.6 Cleanup title references (HO)
 (/usr/local/texlive/2025/texmf-dist/tex/latex/kvoptions/kvoptions.sty
Package: kvoptions 2022-06-15 v3.15 Key value format for package options (HO)
))
\c@section@level=\count318
) (/usr/local/texlive/2025/texmf-dist/tex/generic/stringenc/stringenc.sty
Package: stringenc 2019/11/29 v1.12 Convert strings between diff. encodings (HO)
)
\@linkdim=\dimen192
\Hy@linkcounter=\count319
\Hy@pagecounter=\count320
 (/usr/local/texlive/2025/texmf-dist/tex/latex/hyperref/pd1enc.def
File: pd1enc.def 2024-11-05 v7.01l Hyperref: PDFDocEncoding definition (HO)
Now handling font encoding PD1 ...
... no UTF-8 mapping file for font encoding PD1
) (/usr/local/texlive/2025/texmf-dist/tex/generic/intcalc/intcalc.sty
Package: intcalc 2019/12/15 v1.3 Expandable calculations with integers (HO)
)
\Hy@SavedSpaceFactor=\count321
 (/usr/local/texlive/2025/texmf-dist/tex/latex/hyperref/puenc.def
File: puenc.def 2024-11-05 v7.01l Hyperref: PDF Unicode definition (HO)
Now handling font encoding PU ...
... no UTF-8 mapping file for font encoding PU
)
Package hyperref Info: Hyper figures OFF on input line 4157.
Package hyperref Info: Link nesting OFF on input line 4162.
Package hyperref Info: Hyper index ON on input line 4165.
Package hyperref Info: Plain pages OFF on input line 4172.
Package hyperref Info: Backreferencing OFF on input line 4177.
Package hyperref Info: Implicit mode ON; LaTeX internals redefined.
Package hyperref Info: Bookmarks ON on input line 4424.
\c@Hy@tempcnt=\count322
 (/usr/local/texlive/2025/texmf-dist/tex/latex/url/url.sty
\Urlmuskip=\muskip18
Package: url 2013/09/16  ver 3.4  Verb mode for urls, etc.
)
LaTeX Info: Redefining \url on input line 4763.
\XeTeXLinkMargin=\dimen193
 (/usr/local/texlive/2025/texmf-dist/tex/generic/bitset/bitset.sty
Package: bitset 2019/12/09 v1.3 Handle bit-vector datatype (HO)
 (/usr/local/texlive/2025/texmf-dist/tex/generic/bigintcalc/bigintcalc.sty
Package: bigintcalc 2019/12/15 v1.5 Expandable calculations on big integers (HO)
))
\Fld@menulength=\count323
\Field@Width=\dimen194
\Fld@charsize=\dimen195
Package hyperref Info: Hyper figures OFF on input line 6042.
Package hyperref Info: Link nesting OFF on input line 6047.
Package hyperref Info: Hyper index ON on input line 6050.
Package hyperref Info: backreferencing OFF on input line 6057.
Package hyperref Info: Link coloring OFF on input line 6062.
Package hyperref Info: Link coloring with OCG OFF on input line 6067.
Package hyperref Info: PDF/A mode OFF on input line 6072.
 (/usr/local/texlive/2025/texmf-dist/tex/latex/base/atbegshi-ltx.sty
Package: atbegshi-ltx 2021/01/10 v1.0c Emulation of the original atbegshi
package with kernel methods
)
\Hy@abspage=\count324
\c@Item=\count325
\c@Hfootnote=\count326
)
Package hyperref Info: Driver (autodetected): hpdftex.
 (/usr/local/texlive/2025/texmf-dist/tex/latex/hyperref/hpdftex.def
File: hpdftex.def 2024-11-05 v7.01l Hyperref driver for pdfTeX
 (/usr/local/texlive/2025/texmf-dist/tex/latex/base/atveryend-ltx.sty
Package: atveryend-ltx 2020/08/19 v1.0a Emulation of the original atveryend package
with kernel methods
)
\Fld@listcount=\count327
\c@bookmark@seq@number=\count328
 (/usr/local/texlive/2025/texmf-dist/tex/latex/rerunfilecheck/rerunfilecheck.sty
Package: rerunfilecheck 2022-07-10 v1.10 Rerun checks for auxiliary files (HO)
 (/usr/local/texlive/2025/texmf-dist/tex/generic/uniquecounter/uniquecounter.sty
Package: uniquecounter 2019/12/15 v1.4 Provide unlimited unique counter (HO)
)
Package uniquecounter Info: New unique counter `rerunfilecheck' on input line 285.
)
\Hy@SectionHShift=\skip78
) (/usr/local/texlive/2025/texmf-dist/tex/latex/xcolor/xcolor.sty
Package: xcolor 2024/09/29 v3.02 LaTeX color extensions (UK)
 (/usr/local/texlive/2025/texmf-dist/tex/latex/graphics-cfg/color.cfg
File: color.cfg 2016/01/02 v1.6 sample color configuration
)
Package xcolor Info: Driver file: pdftex.def on input line 274.
LaTeX Info: Redefining \color on input line 762.
 (/usr/local/texlive/2025/texmf-dist/tex/latex/graphics/mathcolor.ltx)
Package xcolor Info: Model `cmy' substituted by `cmy0' on input line 1349.
Package xcolor Info: Model `hsb' substituted by `rgb' on input line 1353.
Package xcolor Info: Model `RGB' extended on input line 1365.
Package xcolor Info: Model `HTML' substituted by `rgb' on input line 1367.
Package xcolor Info: Model `Hsb' substituted by `hsb' on input line 1368.
Package xcolor Info: Model `tHsb' substituted by `hsb' on input line 1369.
Package xcolor Info: Model `HSB' substituted by `hsb' on input line 1370.
Package xcolor Info: Model `Gray' substituted by `gray' on input line 1371.
Package xcolor Info: Model `wave' substituted by `hsb' on input line 1372.
) (./preamble/arduinoLanguage.tex (/usr/local/texlive/2025/texmf-dist/tex/latex/listings/listings.sty
\lst@mode=\count329
\lst@gtempboxa=\box68
\lst@token=\toks35
\lst@length=\count330
\lst@currlwidth=\dimen196
\lst@column=\count331
\lst@pos=\count332
\lst@lostspace=\dimen197
\lst@width=\dimen198
\lst@newlines=\count333
\lst@lineno=\count334
\lst@maxwidth=\dimen199
 (/usr/local/texlive/2025/texmf-dist/tex/latex/listings/lstpatch.sty
File: lstpatch.sty 2024/09/23 1.10c (Carsten Heinz)
) (/usr/local/texlive/2025/texmf-dist/tex/latex/listings/lstmisc.sty
File: lstmisc.sty 2024/09/23 1.10c (Carsten Heinz)
\c@lstnumber=\count335
\lst@skipnumbers=\count336
\lst@framebox=\box69
) (/usr/local/texlive/2025/texmf-dist/tex/latex/listings/listings.cfg
File: listings.cfg 2024/09/23 1.10c listings configuration
))
Package: listings 2024/09/23 1.10c (Carsten Heinz)
 (/usr/local/texlive/2025/texmf-dist/tex/latex/psnfss/courier.sty
Package: courier 2020/03/25 PSNFSS-v9.3 (WaS) 
))
Package hyperref Info: Option `colorlinks' set `false' on input line 41.
 (/usr/local/texlive/2025/texmf-dist/tex/latex/geometry/geometry.sty
Package: geometry 2020/01/02 v5.9 Page Geometry
 (/usr/local/texlive/2025/texmf-dist/tex/generic/iftex/ifvtex.sty
Package: ifvtex 2019/10/25 v1.7 ifvtex legacy package. Use iftex instead.
)
\Gm@cnth=\count337
\Gm@cntv=\count338
\c@Gm@tempcnt=\count339
\Gm@bindingoffset=\dimen256
\Gm@wd@mp=\dimen257
\Gm@odd@mp=\dimen258
\Gm@even@mp=\dimen259
\Gm@layoutwidth=\dimen260
\Gm@layoutheight=\dimen261
\Gm@layouthoffset=\dimen262
\Gm@layoutvoffset=\dimen263
\Gm@dimlist=\toks36
) (/usr/local/texlive/2025/texmf-dist/tex/latex/cjk/texinput/CJKutf8.sty
Package: CJKutf8 2021/10/16 4.8.5
 (/usr/local/texlive/2025/texmf-dist/tex/generic/iftex/ifpdf.sty
Package: ifpdf 2019/10/25 v3.4 ifpdf legacy package. Use iftex instead.
) (/usr/local/texlive/2025/texmf-dist/tex/latex/cjk/texinput/CJK.sty
Package: CJK 2021/10/16 4.8.5
 (/usr/local/texlive/2025/texmf-dist/tex/latex/cjk/texinput/mule/MULEenc.sty
Package: MULEenc 2021/10/16 4.8.5
) (/usr/local/texlive/2025/texmf-dist/tex/latex/cjk/texinput/CJK.enc
File: CJK.enc 2021/10/16 4.8.5
Now handling font encoding C00 ...
... no UTF-8 mapping file for font encoding C00
Now handling font encoding C05 ...
... no UTF-8 mapping file for font encoding C05
Now handling font encoding C09 ...
... no UTF-8 mapping file for font encoding C09
Now handling font encoding C10 ...
... no UTF-8 mapping file for font encoding C10
Now handling font encoding C20 ...
... no UTF-8 mapping file for font encoding C20
Now handling font encoding C19 ...
... no UTF-8 mapping file for font encoding C19
Now handling font encoding C40 ...
... no UTF-8 mapping file for font encoding C40
Now handling font encoding C42 ...
... no UTF-8 mapping file for font encoding C42
Now handling font encoding C43 ...
... no UTF-8 mapping file for font encoding C43
Now handling font encoding C50 ...
... no UTF-8 mapping file for font encoding C50
Now handling font encoding C52 ...
... no UTF-8 mapping file for font encoding C52
Now handling font encoding C49 ...
... no UTF-8 mapping file for font encoding C49
Now handling font encoding C60 ...
... no UTF-8 mapping file for font encoding C60
Now handling font encoding C61 ...
... no UTF-8 mapping file for font encoding C61
Now handling font encoding C63 ...
... no UTF-8 mapping file for font encoding C63
Now handling font encoding C64 ...
... no UTF-8 mapping file for font encoding C64
Now handling font encoding C65 ...
... no UTF-8 mapping file for font encoding C65
Now handling font encoding C70 ...
... no UTF-8 mapping file for font encoding C70
Now handling font encoding C31 ...
... no UTF-8 mapping file for font encoding C31
Now handling font encoding C32 ...
... no UTF-8 mapping file for font encoding C32
Now handling font encoding C33 ...
... no UTF-8 mapping file for font encoding C33
Now handling font encoding C34 ...
... no UTF-8 mapping file for font encoding C34
Now handling font encoding C35 ...
... no UTF-8 mapping file for font encoding C35
Now handling font encoding C36 ...
... no UTF-8 mapping file for font encoding C36
Now handling font encoding C37 ...
... no UTF-8 mapping file for font encoding C37
Now handling font encoding C80 ...
... no UTF-8 mapping file for font encoding C80
Now handling font encoding C81 ...
... no UTF-8 mapping file for font encoding C81
Now handling font encoding C01 ...
... no UTF-8 mapping file for font encoding C01
Now handling font encoding C11 ...
... no UTF-8 mapping file for font encoding C11
Now handling font encoding C21 ...
... no UTF-8 mapping file for font encoding C21
Now handling font encoding C41 ...
... no UTF-8 mapping file for font encoding C41
Now handling font encoding C62 ...
... no UTF-8 mapping file for font encoding C62
)
\CJK@indent=\box70
) (/usr/local/texlive/2025/texmf-dist/tex/latex/base/fontenc.sty
Package: fontenc 2021/04/29 v2.0v Standard LaTeX package
)) (./main.aux)
\openout1 = `main.aux'.

LaTeX Font Info:    Checking defaults for OML/cmm/m/it on input line 54.
LaTeX Font Info:    ... okay on input line 54.
LaTeX Font Info:    Checking defaults for OMS/cmsy/m/n on input line 54.
LaTeX Font Info:    ... okay on input line 54.
LaTeX Font Info:    Checking defaults for OT1/cmr/m/n on input line 54.
LaTeX Font Info:    ... okay on input line 54.
LaTeX Font Info:    Checking defaults for T1/cmr/m/n on input line 54.
LaTeX Font Info:    ... okay on input line 54.
LaTeX Font Info:    Checking defaults for TS1/cmr/m/n on input line 54.
LaTeX Font Info:    ... okay on input line 54.
LaTeX Font Info:    Checking defaults for OMX/cmex/m/n on input line 54.
LaTeX Font Info:    ... okay on input line 54.
LaTeX Font Info:    Checking defaults for U/cmr/m/n on input line 54.
LaTeX Font Info:    ... okay on input line 54.
LaTeX Font Info:    Checking defaults for PD1/pdf/m/n on input line 54.
LaTeX Font Info:    ... okay on input line 54.
LaTeX Font Info:    Checking defaults for PU/pdf/m/n on input line 54.
LaTeX Font Info:    ... okay on input line 54.
LaTeX Font Info:    Checking defaults for C00/song/m/n on input line 54.
LaTeX Font Info:    ... okay on input line 54.
LaTeX Font Info:    Checking defaults for C05/song/m/n on input line 54.
LaTeX Font Info:    ... okay on input line 54.
LaTeX Font Info:    Checking defaults for C09/song/m/n on input line 54.
LaTeX Font Info:    ... okay on input line 54.
LaTeX Font Info:    Checking defaults for C10/song/m/n on input line 54.
LaTeX Font Info:    ... okay on input line 54.
LaTeX Font Info:    Checking defaults for C20/song/m/n on input line 54.
LaTeX Font Info:    ... okay on input line 54.
LaTeX Font Info:    Checking defaults for C19/song/m/n on input line 54.
LaTeX Font Info:    ... okay on input line 54.
LaTeX Font Info:    Checking defaults for C40/song/m/n on input line 54.
LaTeX Font Info:    ... okay on input line 54.
LaTeX Font Info:    Checking defaults for C42/song/m/n on input line 54.
LaTeX Font Info:    ... okay on input line 54.
LaTeX Font Info:    Checking defaults for C43/song/m/n on input line 54.
LaTeX Font Info:    ... okay on input line 54.
LaTeX Font Info:    Checking defaults for C50/song/m/n on input line 54.
LaTeX Font Info:    ... okay on input line 54.
LaTeX Font Info:    Checking defaults for C52/song/m/n on input line 54.
LaTeX Font Info:    ... okay on input line 54.
LaTeX Font Info:    Checking defaults for C49/song/m/n on input line 54.
LaTeX Font Info:    ... okay on input line 54.
LaTeX Font Info:    Checking defaults for C60/mj/m/n on input line 54.
LaTeX Font Info:    ... okay on input line 54.
LaTeX Font Info:    Checking defaults for C61/mj/m/n on input line 54.
LaTeX Font Info:    ... okay on input line 54.
LaTeX Font Info:    Checking defaults for C63/mj/m/n on input line 54.
LaTeX Font Info:    ... okay on input line 54.
LaTeX Font Info:    Checking defaults for C64/mj/m/n on input line 54.
LaTeX Font Info:    ... okay on input line 54.
LaTeX Font Info:    Checking defaults for C65/mj/m/n on input line 54.
LaTeX Font Info:    ... okay on input line 54.
LaTeX Font Info:    Checking defaults for C70/song/m/n on input line 54.
LaTeX Font Info:    ... okay on input line 54.
LaTeX Font Info:    Checking defaults for C31/song/m/n on input line 54.
LaTeX Font Info:    ... okay on input line 54.
LaTeX Font Info:    Checking defaults for C32/song/m/n on input line 54.
LaTeX Font Info:    ... okay on input line 54.
LaTeX Font Info:    Checking defaults for C33/song/m/n on input line 54.
LaTeX Font Info:    ... okay on input line 54.
LaTeX Font Info:    Checking defaults for C34/song/m/n on input line 54.
LaTeX Font Info:    ... okay on input line 54.
LaTeX Font Info:    Checking defaults for C35/song/m/n on input line 54.
LaTeX Font Info:    ... okay on input line 54.
LaTeX Font Info:    Checking defaults for C36/song/m/n on input line 54.
LaTeX Font Info:    ... okay on input line 54.
LaTeX Font Info:    Checking defaults for C37/song/m/n on input line 54.
LaTeX Font Info:    ... okay on input line 54.
LaTeX Font Info:    Checking defaults for C80/song/m/n on input line 54.
LaTeX Font Info:    ... okay on input line 54.
LaTeX Font Info:    Checking defaults for C81/song/m/n on input line 54.
LaTeX Font Info:    ... okay on input line 54.
LaTeX Font Info:    Checking defaults for C01/song/m/n on input line 54.
LaTeX Font Info:    ... okay on input line 54.
LaTeX Font Info:    Checking defaults for C11/song/m/n on input line 54.
LaTeX Font Info:    ... okay on input line 54.
LaTeX Font Info:    Checking defaults for C21/song/m/n on input line 54.
LaTeX Font Info:    ... okay on input line 54.
LaTeX Font Info:    Checking defaults for C41/song/m/n on input line 54.
LaTeX Font Info:    ... okay on input line 54.
LaTeX Font Info:    Checking defaults for C62/song/m/n on input line 54.
LaTeX Font Info:    ... okay on input line 54.
 (/usr/local/texlive/2025/texmf-dist/tex/context/base/mkii/supp-pdf.mkii
[Loading MPS to PDF converter (version 2006.09.02).]
\scratchcounter=\count340
\scratchdimen=\dimen264
\scratchbox=\box71
\nofMPsegments=\count341
\nofMParguments=\count342
\everyMPshowfont=\toks37
\MPscratchCnt=\count343
\MPscratchDim=\dimen265
\MPnumerator=\count344
\makeMPintoPDFobject=\count345
\everyMPtoPDFconversion=\toks38
) (/usr/local/texlive/2025/texmf-dist/tex/latex/epstopdf-pkg/epstopdf-base.sty
Package: epstopdf-base 2020-01-24 v2.11 Base part for package epstopdf
Package epstopdf-base Info: Redefining graphics rule for `.eps' on input line 485.
 (/usr/local/texlive/2025/texmf-dist/tex/latex/latexconfig/epstopdf-sys.cfg
File: epstopdf-sys.cfg 2010/07/13 v1.3 Configuration of (r)epstopdf for TeX Live
))

Package chemgreek Info: Activating mapping `default' on line 54.

\symgns@font=\mathgroup9
LaTeX Font Info:    Overwriting symbol font `gns@font' in version `bold'
(Font)                  TS1/cmr/m/n --> TS1/cmr/b/n on input line 54.
Package gensymb Info: Math companion symbols declared on input line 54.
LaTeX Info: Redefining \degree on input line 54.
LaTeX Info: Redefining \celsius on input line 54.
Package gensymb Info: Using text companion symbols for \degree, \celsius and \perthousand on input line 54.
LaTeX Info: Redefining \ohm on input line 54.
Package gensymb Info: Using \textohm for \ohm on input line 54.
Package gensymb Info: Using \textmu for \micro on input line 54.
 (/usr/local/texlive/2025/texmf-dist/tex/latex/pdflscape/pdflscape.sty
Package: pdflscape 2022-10-27 v0.13 Display of landscape pages in PDF
 (/usr/local/texlive/2025/texmf-dist/tex/latex/pdflscape/pdflscape-nometadata.sty
Package: pdflscape-nometadata 2022-10-28 v0.13 Display of landscape pages in PDF (HO)
 (/usr/local/texlive/2025/texmf-dist/tex/latex/graphics/lscape.sty
Package: lscape 2020/05/28 v3.02 Landscape Pages (DPC)
)
Package pdflscape Info: Auto-detected driver: pdftex on input line 81.
))
Package caption Info: Begin \AtBeginDocument code.
Package caption Info: hyperref package is loaded.
Package caption Info: listings package is loaded.
Package caption Info: End \AtBeginDocument code.
Package hyperref Info: Link coloring OFF on input line 54.
 (./main.out) (./main.out)
\@outlinefile=\write3
\openout3 = `main.out'.

\c@lstlisting=\count346

*geometry* driver: auto-detecting
*geometry* detected driver: pdftex
*geometry* verbose mode - [ preamble ] result:
* driver: pdftex
* paper: letterpaper
* layout: <same size as paper>
* layoutoffset:(h,v)=(0.0pt,0.0pt)
* modes: twoside 
* h-part:(L,W,R)=(73.71613pt, 468.30888pt, 72.26999pt)
* v-part:(T,H,B)=(72.26999pt, 650.43001pt, 72.26999pt)
* \paperwidth=614.295pt
* \paperheight=794.96999pt
* \textwidth=468.30888pt
* \textheight=650.43001pt
* \oddsidemargin=1.44614pt
* \evensidemargin=0.0pt
* \topmargin=-37.0pt
* \headheight=12.0pt
* \headsep=25.0pt
* \topskip=12.0pt
* \footskip=30.0pt
* \marginparwidth=95.0pt
* \marginparsep=10.0pt
* \columnsep=10.0pt
* \skip\footins=10.8pt plus 4.0pt minus 2.0pt
* \hoffset=0.0pt
* \voffset=0.0pt
* \mag=1000
* \@twocolumnfalse
* \@twosidetrue
* \@mparswitchtrue
* \@reversemarginfalse
* (1in=72.27pt=25.4mm, 1cm=28.453pt)

(./preamble/titlepage.tex

[1

{/usr/local/texlive/2025/texmf-var/fonts/map/pdftex/updmap/pdftex.map}]) (./main.toc
LaTeX Font Info:    Trying to load font information for U+msa on input line 5.
 (/usr/local/texlive/2025/texmf-dist/tex/latex/amsfonts/umsa.fd
File: umsa.fd 2013/01/14 v3.01 AMS symbols A
)
LaTeX Font Info:    Trying to load font information for U+msb on input line 5.
 (/usr/local/texlive/2025/texmf-dist/tex/latex/amsfonts/umsb.fd
File: umsb.fd 2013/01/14 v3.01 AMS symbols B
)

[1

])
\tf@toc=\write4
\openout4 = `main.toc'.



[2] (./main.lof
Underfull \vbox (badness 1430) has occurred while \output is active []



[3

]

[4])
\tf@lof=\write5
\openout5 = `main.lof'.



[5] (./main.lot
Overfull \hbox (14.07933pt too wide) in paragraph at lines 10--10
 [][] [][]\OT1/cmr/m/n/12 Pairwise com-par-isons (Tukey HSD) for win-dow ra-tio across con-struc-tion decades, 
 []

)
\tf@lot=\write6
\openout6 = `main.lot'.

 (./preamble/abstract.tex

[6

]
Underfull \hbox (badness 10000) in paragraph at lines 4--11

 []

) (./preamble/acknowledgements.tex

[7

]) (./chapters/01_introduction.tex


pdfTeX warning (ext4): destination with the same identifier (name{page.1}) has been already used, duplicate ignored
<to be read again> 
                   \relax 
l.1 \chapter
            {Introduction} [1

]
Chapter 1.

Underfull \vbox (badness 4132) has occurred while \output is active []



[2

]
Underfull \vbox (badness 10000) has occurred while \output is active []



[3]

[4]
Overfull \hbox (4.56915pt too wide) in paragraph at lines 76--79
[]\OT1/cmr/bx/n/12 Develop a Com-pre-hen-sive Method-ol-ogy\OT1/cmr/m/n/12 : Cre-ate a mul-ti-faceted eval-u-a-tion method
 []



[5]) (./chapters/02_methodology.tex

[6]
Chapter 2.


[7

]
<chapters/plots/exp_inter.png, id=412, 359.3425pt x 270.00874pt>
File: chapters/plots/exp_inter.png Graphic file (type png)
<use chapters/plots/exp_inter.png>
Package pdftex.def Info: chapters/plots/exp_inter.png  used on input line 41.
(pdftex.def)             Requested size: 327.81479pt x 246.33868pt.
<chapters/plots/exp_floorplan.jpg, id=414, 501.875pt x 390.45876pt>
File: chapters/plots/exp_floorplan.jpg Graphic file (type jpg)
<use chapters/plots/exp_floorplan.jpg>
Package pdftex.def Info: chapters/plots/exp_floorplan.jpg  used on input line 48.
(pdftex.def)             Requested size: 374.64853pt x 291.49089pt.


[8{/usr/local/texlive/2025/texmf-dist/fonts/enc/dvips/cm-super/cm-super-ts1.enc}]

[9 <./chapters/plots/exp_inter.png> <./chapters/plots/exp_floorplan.jpg>]
<chapters/plots/data_filtering.png, id=426, 180.675pt x 216.81pt>
File: chapters/plots/data_filtering.png Graphic file (type png)
<use chapters/plots/data_filtering.png>
Package pdftex.def Info: chapters/plots/data_filtering.png  used on input line 97.
(pdftex.def)             Requested size: 374.64853pt x 449.62093pt.


[10]

[11 <./chapters/plots/data_filtering.png>]
Overfull \hbox (2.79309pt too wide) in paragraph at lines 121--122
[]\OT1/cmr/bx/n/12 Location In-for-ma-tion\OT1/cmr/m/n/12 : Ac-cu-rate ge-o-graphic co-or-di-nates and ward des-ig-na-tion within
 []



[12]

[13]

[14]
<chapters/plots/vga_workflow.png, id=462, 236.8485pt x 379.4175pt>
File: chapters/plots/vga_workflow.png Graphic file (type png)
<use chapters/plots/vga_workflow.png>
Package pdftex.def Info: chapters/plots/vga_workflow.png  used on input line 207.
(pdftex.def)             Requested size: 374.64853pt x 600.1736pt.


[15]
Underfull \vbox (badness 10000) has occurred while \output is active []



[16 <./chapters/plots/vga_workflow.png>]

[17]
<chapters/plots/inter_semseg.png, id=489, 238.8195pt x 132.3855pt>
File: chapters/plots/inter_semseg.png Graphic file (type png)
<use chapters/plots/inter_semseg.png>
Package pdftex.def Info: chapters/plots/inter_semseg.png  used on input line 258.
(pdftex.def)             Requested size: 374.64853pt x 207.68407pt.


[18 <./chapters/plots/inter_semseg.png>]) (./chapters/03_Results.tex

[19]
Chapter 3.
<chapters/plots/oneway.png, id=507, 238.7319pt x 190.5519pt>
File: chapters/plots/oneway.png Graphic file (type png)
<use chapters/plots/oneway.png>
Package pdftex.def Info: chapters/plots/oneway.png  used on input line 19.
(pdftex.def)             Requested size: 444.892pt x 355.12355pt.


[20

]

[21 <./chapters/plots/oneway.png>]

[22]

[23]

[24]

[25]
<chapters/plots/gis.png, id=544, 239.6955pt x 311.9655pt>
File: chapters/plots/gis.png Graphic file (type png)
<use chapters/plots/gis.png>
Package pdftex.def Info: chapters/plots/gis.png  used on input line 219.
(pdftex.def)             Requested size: 444.892pt x 579.0455pt.


[26]

[27 <./chapters/plots/gis.png>]
<chapters/plots/corr_plots.png, id=556, 239.6955pt x 382.3083pt>
File: chapters/plots/corr_plots.png Graphic file (type png)
<use chapters/plots/corr_plots.png>
Package pdftex.def Info: chapters/plots/corr_plots.png  used on input line 257.
(pdftex.def)             Requested size: 374.64853pt x 597.57108pt.


LaTeX Warning: Float too large for page by 0.64105pt on input line 260.



[28]

[29 <./chapters/plots/corr_plots.png>]
Underfull \vbox (badness 4752) has occurred while \output is active []



[30]

[31]
<chapters/plots/12_feature_R2_red.png, id=580, 1017.8025pt x 334.24875pt>
File: chapters/plots/12_feature_R2_red.png Graphic file (type png)
<use chapters/plots/12_feature_R2_red.png>
Package pdftex.def Info: chapters/plots/12_feature_R2_red.png  used on input line 357.
(pdftex.def)             Requested size: 444.892pt x 146.10596pt.
<chapters/plots/12_feature_corr.png, id=583, 765.86125pt x 592.2125pt>
File: chapters/plots/12_feature_corr.png Graphic file (type png)
<use chapters/plots/12_feature_corr.png>
Package pdftex.def Info: chapters/plots/12_feature_corr.png  used on input line 369.
(pdftex.def)             Requested size: 444.892pt x 344.02567pt.
<chapters/plots/12_feature_imp.png, id=584, 488.82625pt x 560.0925pt>
File: chapters/plots/12_feature_imp.png Graphic file (type png)
<use chapters/plots/12_feature_imp.png>
Package pdftex.def Info: chapters/plots/12_feature_imp.png  used on input line 375.
(pdftex.def)             Requested size: 280.98817pt x 321.95667pt.


[32 <./chapters/plots/12_feature_R2_red.png>]

[33 <./chapters/plots/12_feature_corr.png>]

[34 <./chapters/plots/12_feature_imp.png>]

Package caption Warning: The option `hypcap=true' will be ignored for this
(caption)                particular \caption on input line 408.
See the caption package documentation for explanation.


Overfull \hbox (4.0753pt too wide) in paragraph at lines 413--423
\OT1/cmr/m/n/12 prop-er-ties (min[]value[]raw[]all, max[]value[]raw[]all, mean[]value[]raw[]all, std[]value[]raw[]all) were
 []



[35]
<chapters/plots/7_feature_R2_red.png, id=610, 837.1275pt x 283.0575pt>
File: chapters/plots/7_feature_R2_red.png Graphic file (type png)
<use chapters/plots/7_feature_R2_red.png>
Package pdftex.def Info: chapters/plots/7_feature_R2_red.png  used on input line 438.
(pdftex.def)             Requested size: 444.892pt x 150.43007pt.
<chapters/plots/7_feature_imp.png, id=611, 497.86pt x 565.11125pt>
File: chapters/plots/7_feature_imp.png Graphic file (type png)
<use chapters/plots/7_feature_imp.png>
Package pdftex.def Info: chapters/plots/7_feature_imp.png  used on input line 445.
(pdftex.def)             Requested size: 280.98817pt x 318.95215pt.


[36]

[37 <./chapters/plots/7_feature_R2_red.png> <./chapters/plots/7_feature_imp.png>]
<chapters/plots/ranked_properties/mean_value_raw_all/top_k/floorplan/1f_c8_24643c6e305738d8169422c2b5fa_0002.jpg, id=623, 311.1625pt x 438.63875pt>
File: chapters/plots/ranked_properties/mean_value_raw_all/top_k/floorplan/1f_c8_24643c6e305738d8169422c2b5fa_0002.jpg Graphic file (type jpg)
<use chapters/plots/ranked_properties/mean_value_raw_all/top_k/floorplan/1f_c8_24643c6e305738d8169422c2b5fa_0002.jpg>
Package pdftex.def Info: chapters/plots/ranked_properties/mean_value_raw_all/top_k/floorplan/1f_c8_24643c6e305738d8169422c2b5fa_0002.jpg  used on input line 502.
(pdftex.def)             Requested size: 103.02852pt x 145.23312pt.
<chapters/plots/ranked_properties/mean_value_raw_all/top_k/livingroom/1f_c8_24643c6e305738d8169422c2b5fa_0008.jpg, id=624, 120.45pt x 90.3375pt>
File: chapters/plots/ranked_properties/mean_value_raw_all/top_k/livingroom/1f_c8_24643c6e305738d8169422c2b5fa_0008.jpg Graphic file (type jpg)
<use chapters/plots/ranked_properties/mean_value_raw_all/top_k/livingroom/1f_c8_24643c6e305738d8169422c2b5fa_0008.jpg>
Package pdftex.def Info: chapters/plots/ranked_properties/mean_value_raw_all/top_k/livingroom/1f_c8_24643c6e305738d8169422c2b5fa_0008.jpg  used on input line 506.
(pdftex.def)             Requested size: 103.02852pt x 77.2738pt.
<chapters/plots/ranked_properties/mean_value_raw_all/top_k/floorplan/64_4d_371f70a372a97ca79decb31c4d34_0001.jpg, id=625, 450.68375pt x 488.82625pt>
File: chapters/plots/ranked_properties/mean_value_raw_all/top_k/floorplan/64_4d_371f70a372a97ca79decb31c4d34_0001.jpg Graphic file (type jpg)
<use chapters/plots/ranked_properties/mean_value_raw_all/top_k/floorplan/64_4d_371f70a372a97ca79decb31c4d34_0001.jpg>
Package pdftex.def Info: chapters/plots/ranked_properties/mean_value_raw_all/top_k/floorplan/64_4d_371f70a372a97ca79decb31c4d34_0001.jpg  used on input line 510.
(pdftex.def)             Requested size: 103.02852pt x 111.74144pt.
<chapters/plots/ranked_properties/mean_value_raw_all/top_k/livingroom/64_4d_371f70a372a97ca79decb31c4d34_0003.jpg, id=626, 120.45pt x 90.3375pt>
File: chapters/plots/ranked_properties/mean_value_raw_all/top_k/livingroom/64_4d_371f70a372a97ca79decb31c4d34_0003.jpg Graphic file (type jpg)
<use chapters/plots/ranked_properties/mean_value_raw_all/top_k/livingroom/64_4d_371f70a372a97ca79decb31c4d34_0003.jpg>
Package pdftex.def Info: chapters/plots/ranked_properties/mean_value_raw_all/top_k/livingroom/64_4d_371f70a372a97ca79decb31c4d34_0003.jpg  used on input line 514.
(pdftex.def)             Requested size: 103.02852pt x 77.2738pt.
<chapters/plots/ranked_properties/mean_value_raw_all/bottom_k/floorplan/0e_71_8cc2f7c9bdf62ed48ec31fe11dd8_0002.jpg, id=627, 602.25pt x 355.3275pt>
File: chapters/plots/ranked_properties/mean_value_raw_all/bottom_k/floorplan/0e_71_8cc2f7c9bdf62ed48ec31fe11dd8_0002.jpg Graphic file (type jpg)
<use chapters/plots/ranked_properties/mean_value_raw_all/bottom_k/floorplan/0e_71_8cc2f7c9bdf62ed48ec31fe11dd8_0002.jpg>
Package pdftex.def Info: chapters/plots/ranked_properties/mean_value_raw_all/bottom_k/floorplan/0e_71_8cc2f7c9bdf62ed48ec31fe11dd8_0002.jpg  used on input line 519.
(pdftex.def)             Requested size: 103.02852pt x 60.7844pt.
<chapters/plots/ranked_properties/mean_value_raw_all/bottom_k/livingroom/0e_71_8cc2f7c9bdf62ed48ec31fe11dd8_0005.jpg, id=628, 120.45pt x 90.3375pt>
File: chapters/plots/ranked_properties/mean_value_raw_all/bottom_k/livingroom/0e_71_8cc2f7c9bdf62ed48ec31fe11dd8_0005.jpg Graphic file (type jpg)
<use chapters/plots/ranked_properties/mean_value_raw_all/bottom_k/livingroom/0e_71_8cc2f7c9bdf62ed48ec31fe11dd8_0005.jpg>
Package pdftex.def Info: chapters/plots/ranked_properties/mean_value_raw_all/bottom_k/livingroom/0e_71_8cc2f7c9bdf62ed48ec31fe11dd8_0005.jpg  used on input line 523.
(pdftex.def)             Requested size: 103.02852pt x 77.2738pt.

Underfull \hbox (badness 1509) in paragraph at lines 524--524
[]|\OT1/cmr/m/n/10.95 Low VGA - Liv-ing
 []

<chapters/plots/ranked_properties/mean_value_raw_all/bottom_k/floorplan/5c_20_9ed0eaaf3e33292a6a0ab1a23b97_0003.jpg, id=629, 424.58624pt x 404.51125pt>
File: chapters/plots/ranked_properties/mean_value_raw_all/bottom_k/floorplan/5c_20_9ed0eaaf3e33292a6a0ab1a23b97_0003.jpg Graphic file (type jpg)
<use chapters/plots/ranked_properties/mean_value_raw_all/bottom_k/floorplan/5c_20_9ed0eaaf3e33292a6a0ab1a23b97_0003.jpg>
Package pdftex.def Info: chapters/plots/ranked_properties/mean_value_raw_all/bottom_k/floorplan/5c_20_9ed0eaaf3e33292a6a0ab1a23b97_0003.jpg  used on input line 527.
(pdftex.def)             Requested size: 103.02852pt x 98.15866pt.
<chapters/plots/ranked_properties/mean_value_raw_all/bottom_k/livingroom/5c_20_9ed0eaaf3e33292a6a0ab1a23b97_0002.jpg, id=630, 120.45pt x 90.3375pt>
File: chapters/plots/ranked_properties/mean_value_raw_all/bottom_k/livingroom/5c_20_9ed0eaaf3e33292a6a0ab1a23b97_0002.jpg Graphic file (type jpg)
<use chapters/plots/ranked_properties/mean_value_raw_all/bottom_k/livingroom/5c_20_9ed0eaaf3e33292a6a0ab1a23b97_0002.jpg>
Package pdftex.def Info: chapters/plots/ranked_properties/mean_value_raw_all/bottom_k/livingroom/5c_20_9ed0eaaf3e33292a6a0ab1a23b97_0002.jpg  used on input line 531.
(pdftex.def)             Requested size: 103.02852pt x 77.2738pt.

Underfull \hbox (badness 1509) in paragraph at lines 532--532
[]|\OT1/cmr/m/n/10.95 Low VGA - Liv-ing
 []

<chapters/plots/ranked_properties/std_value_raw_all/top_k/floorplan/15_a7_04fb7626adc9839a2593d6cd4f42_0001.jpg, id=631, 401.5pt x 339.2675pt>
File: chapters/plots/ranked_properties/std_value_raw_all/top_k/floorplan/15_a7_04fb7626adc9839a2593d6cd4f42_0001.jpg Graphic file (type jpg)
<use chapters/plots/ranked_properties/std_value_raw_all/top_k/floorplan/15_a7_04fb7626adc9839a2593d6cd4f42_0001.jpg>
Package pdftex.def Info: chapters/plots/ranked_properties/std_value_raw_all/top_k/floorplan/15_a7_04fb7626adc9839a2593d6cd4f42_0001.jpg  used on input line 543.
(pdftex.def)             Requested size: 103.02852pt x 87.05821pt.
<chapters/plots/ranked_properties/std_value_raw_all/top_k/livingroom/15_a7_04fb7626adc9839a2593d6cd4f42_0003.jpg, id=632, 90.3375pt x 120.45pt>
File: chapters/plots/ranked_properties/std_value_raw_all/top_k/livingroom/15_a7_04fb7626adc9839a2593d6cd4f42_0003.jpg Graphic file (type jpg)
<use chapters/plots/ranked_properties/std_value_raw_all/top_k/livingroom/15_a7_04fb7626adc9839a2593d6cd4f42_0003.jpg>
Package pdftex.def Info: chapters/plots/ranked_properties/std_value_raw_all/top_k/livingroom/15_a7_04fb7626adc9839a2593d6cd4f42_0003.jpg  used on input line 547.
(pdftex.def)             Requested size: 103.02852pt x 137.37321pt.

Underfull \hbox (badness 4120) in paragraph at lines 548--548
[]|\OT1/cmr/m/n/10.95 High Std - Liv-ing
 []

<chapters/plots/ranked_properties/std_value_raw_all/top_k/floorplan/25_95_f67b75758ae45833a6b3146a5093_0002.jpg, id=633, 501.875pt x 501.875pt>
File: chapters/plots/ranked_properties/std_value_raw_all/top_k/floorplan/25_95_f67b75758ae45833a6b3146a5093_0002.jpg Graphic file (type jpg)
<use chapters/plots/ranked_properties/std_value_raw_all/top_k/floorplan/25_95_f67b75758ae45833a6b3146a5093_0002.jpg>
Package pdftex.def Info: chapters/plots/ranked_properties/std_value_raw_all/top_k/floorplan/25_95_f67b75758ae45833a6b3146a5093_0002.jpg  used on input line 551.
(pdftex.def)             Requested size: 103.02852pt x 103.02287pt.
<chapters/plots/ranked_properties/std_value_raw_all/top_k/livingroom/25_95_f67b75758ae45833a6b3146a5093_0010.jpg, id=634, 120.45pt x 68.255pt>
File: chapters/plots/ranked_properties/std_value_raw_all/top_k/livingroom/25_95_f67b75758ae45833a6b3146a5093_0010.jpg Graphic file (type jpg)
<use chapters/plots/ranked_properties/std_value_raw_all/top_k/livingroom/25_95_f67b75758ae45833a6b3146a5093_0010.jpg>
Package pdftex.def Info: chapters/plots/ranked_properties/std_value_raw_all/top_k/livingroom/25_95_f67b75758ae45833a6b3146a5093_0010.jpg  used on input line 555.
(pdftex.def)             Requested size: 103.02852pt x 58.38466pt.

Underfull \hbox (badness 4120) in paragraph at lines 556--556
[]|\OT1/cmr/m/n/10.95 High Std - Liv-ing
 []

<chapters/plots/ranked_properties/std_value_raw_all/bottom_k/floorplan/0e_71_8cc2f7c9bdf62ed48ec31fe11dd8_0002.jpg, id=635, 602.25pt x 355.3275pt>
File: chapters/plots/ranked_properties/std_value_raw_all/bottom_k/floorplan/0e_71_8cc2f7c9bdf62ed48ec31fe11dd8_0002.jpg Graphic file (type jpg)
<use chapters/plots/ranked_properties/std_value_raw_all/bottom_k/floorplan/0e_71_8cc2f7c9bdf62ed48ec31fe11dd8_0002.jpg>
Package pdftex.def Info: chapters/plots/ranked_properties/std_value_raw_all/bottom_k/floorplan/0e_71_8cc2f7c9bdf62ed48ec31fe11dd8_0002.jpg  used on input line 560.
(pdftex.def)             Requested size: 103.02852pt x 60.7844pt.
<chapters/plots/ranked_properties/std_value_raw_all/bottom_k/livingroom/0e_71_8cc2f7c9bdf62ed48ec31fe11dd8_0005.jpg, id=636, 120.45pt x 90.3375pt>
File: chapters/plots/ranked_properties/std_value_raw_all/bottom_k/livingroom/0e_71_8cc2f7c9bdf62ed48ec31fe11dd8_0005.jpg Graphic file (type jpg)
<use chapters/plots/ranked_properties/std_value_raw_all/bottom_k/livingroom/0e_71_8cc2f7c9bdf62ed48ec31fe11dd8_0005.jpg>
Package pdftex.def Info: chapters/plots/ranked_properties/std_value_raw_all/bottom_k/livingroom/0e_71_8cc2f7c9bdf62ed48ec31fe11dd8_0005.jpg  used on input line 564.
(pdftex.def)             Requested size: 103.02852pt x 77.2738pt.

Underfull \hbox (badness 6316) in paragraph at lines 565--565
[]|\OT1/cmr/m/n/10.95 Low Std - Liv-ing
 []

<chapters/plots/ranked_properties/std_value_raw_all/bottom_k/floorplan/23_cf_c3504d142c310c319927e413f9b4_0002.jpg, id=637, 254.9525pt x 401.5pt>
File: chapters/plots/ranked_properties/std_value_raw_all/bottom_k/floorplan/23_cf_c3504d142c310c319927e413f9b4_0002.jpg Graphic file (type jpg)
<use chapters/plots/ranked_properties/std_value_raw_all/bottom_k/floorplan/23_cf_c3504d142c310c319927e413f9b4_0002.jpg>
Package pdftex.def Info: chapters/plots/ranked_properties/std_value_raw_all/bottom_k/floorplan/23_cf_c3504d142c310c319927e413f9b4_0002.jpg  used on input line 568.
(pdftex.def)             Requested size: 103.02852pt x 162.25127pt.
<chapters/plots/ranked_properties/std_value_raw_all/bottom_k/livingroom/23_cf_c3504d142c310c319927e413f9b4_0003.jpg, id=638, 120.45pt x 90.3375pt>
File: chapters/plots/ranked_properties/std_value_raw_all/bottom_k/livingroom/23_cf_c3504d142c310c319927e413f9b4_0003.jpg Graphic file (type jpg)
<use chapters/plots/ranked_properties/std_value_raw_all/bottom_k/livingroom/23_cf_c3504d142c310c319927e413f9b4_0003.jpg>
Package pdftex.def Info: chapters/plots/ranked_properties/std_value_raw_all/bottom_k/livingroom/23_cf_c3504d142c310c319927e413f9b4_0003.jpg  used on input line 572.
(pdftex.def)             Requested size: 103.02852pt x 77.2738pt.

Underfull \hbox (badness 6316) in paragraph at lines 573--573
[]|\OT1/cmr/m/n/10.95 Low Std - Liv-ing
 []



[38 <./chapters/plots/ranked_properties/mean_value_raw_all/top_k/floorplan/1f_c8_24643c6e305738d8169422c2b5fa_0002.jpg> <./chapters/plots/ranked_properties/mean_value_raw_all/top_k/livingroom/1f_c8_24643c6e305738d8169422c2b5fa_0008.jpg> <./chapters/plots/ranked_properties/mean_value_raw_all/top_k/floorplan/64_4d_371f70a372a97ca79decb31c4d34_0001.jpg> <./chapters/plots/ranked_properties/mean_value_raw_all/top_k/livingroom/64_4d_371f70a372a97ca79decb31c4d34_0003.jpg> <./chapters/plots/ranked_properties/mean_value_raw_all/bottom_k/floorplan/0e_71_8cc2f7c9bdf62ed48ec31fe11dd8_0002.jpg> <./chapters/plots/ranked_properties/mean_value_raw_all/bottom_k/livingroom/0e_71_8cc2f7c9bdf62ed48ec31fe11dd8_0005.jpg> <./chapters/plots/ranked_properties/mean_value_raw_all/bottom_k/floorplan/5c_20_9ed0eaaf3e33292a6a0ab1a23b97_0003.jpg> <./chapters/plots/ranked_properties/mean_value_raw_all/bottom_k/livingroom/5c_20_9ed0eaaf3e33292a6a0ab1a23b97_0002.jpg>]
<chapters/plots/ranked_properties/windowpane/top_k/floorplan/12_fc_ab7053681e787a077c7ac79a87cc_0001.jpg, id=645, 281.05pt x 281.05pt>
File: chapters/plots/ranked_properties/windowpane/top_k/floorplan/12_fc_ab7053681e787a077c7ac79a87cc_0001.jpg Graphic file (type jpg)
<use chapters/plots/ranked_properties/windowpane/top_k/floorplan/12_fc_ab7053681e787a077c7ac79a87cc_0001.jpg>
Package pdftex.def Info: chapters/plots/ranked_properties/windowpane/top_k/floorplan/12_fc_ab7053681e787a077c7ac79a87cc_0001.jpg  used on input line 586.
(pdftex.def)             Requested size: 103.02852pt x 103.02625pt.
<chapters/plots/ranked_properties/windowpane/top_k/livingroom/12_fc_ab7053681e787a077c7ac79a87cc_0004.jpg, id=646, 120.45pt x 90.3375pt>
File: chapters/plots/ranked_properties/windowpane/top_k/livingroom/12_fc_ab7053681e787a077c7ac79a87cc_0004.jpg Graphic file (type jpg)
<use chapters/plots/ranked_properties/windowpane/top_k/livingroom/12_fc_ab7053681e787a077c7ac79a87cc_0004.jpg>
Package pdftex.def Info: chapters/plots/ranked_properties/windowpane/top_k/livingroom/12_fc_ab7053681e787a077c7ac79a87cc_0004.jpg  used on input line 590.
(pdftex.def)             Requested size: 103.02852pt x 77.2738pt.
<chapters/plots/ranked_properties/windowpane/top_k/floorplan/21_ce_5f9cc665f397a534afb3d328ba6e_0002.jpg, id=647, 332.24126pt x 602.25pt>
File: chapters/plots/ranked_properties/windowpane/top_k/floorplan/21_ce_5f9cc665f397a534afb3d328ba6e_0002.jpg Graphic file (type jpg)
<use chapters/plots/ranked_properties/windowpane/top_k/floorplan/21_ce_5f9cc665f397a534afb3d328ba6e_0002.jpg>
Package pdftex.def Info: chapters/plots/ranked_properties/windowpane/top_k/floorplan/21_ce_5f9cc665f397a534afb3d328ba6e_0002.jpg  used on input line 594.
(pdftex.def)             Requested size: 103.02852pt x 186.75989pt.
<chapters/plots/ranked_properties/windowpane/top_k/livingroom/21_ce_5f9cc665f397a534afb3d328ba6e_0003.jpg, id=648, 120.45pt x 90.3375pt>
File: chapters/plots/ranked_properties/windowpane/top_k/livingroom/21_ce_5f9cc665f397a534afb3d328ba6e_0003.jpg Graphic file (type jpg)
<use chapters/plots/ranked_properties/windowpane/top_k/livingroom/21_ce_5f9cc665f397a534afb3d328ba6e_0003.jpg>
Package pdftex.def Info: chapters/plots/ranked_properties/windowpane/top_k/livingroom/21_ce_5f9cc665f397a534afb3d328ba6e_0003.jpg  used on input line 598.
(pdftex.def)             Requested size: 103.02852pt x 77.2738pt.
<chapters/plots/ranked_properties/windowpane/bottom_k/floorplan/06_68_65ba9ef27b6ab9d58cfd41ec130c_0001.jpg, id=649, 426.59375pt x 378.41376pt>
File: chapters/plots/ranked_properties/windowpane/bottom_k/floorplan/06_68_65ba9ef27b6ab9d58cfd41ec130c_0001.jpg Graphic file (type jpg)
<use chapters/plots/ranked_properties/windowpane/bottom_k/floorplan/06_68_65ba9ef27b6ab9d58cfd41ec130c_0001.jpg>
Package pdftex.def Info: chapters/plots/ranked_properties/windowpane/bottom_k/floorplan/06_68_65ba9ef27b6ab9d58cfd41ec130c_0001.jpg  used on input line 603.
(pdftex.def)             Requested size: 103.02852pt x 91.39279pt.
<chapters/plots/ranked_properties/windowpane/bottom_k/livingroom/06_68_65ba9ef27b6ab9d58cfd41ec130c_0006.jpg, id=650, 120.45pt x 120.45pt>
File: chapters/plots/ranked_properties/windowpane/bottom_k/livingroom/06_68_65ba9ef27b6ab9d58cfd41ec130c_0006.jpg Graphic file (type jpg)
<use chapters/plots/ranked_properties/windowpane/bottom_k/livingroom/06_68_65ba9ef27b6ab9d58cfd41ec130c_0006.jpg>
Package pdftex.def Info: chapters/plots/ranked_properties/windowpane/bottom_k/livingroom/06_68_65ba9ef27b6ab9d58cfd41ec130c_0006.jpg  used on input line 607.
(pdftex.def)             Requested size: 103.02852pt x 103.03175pt.
<chapters/plots/ranked_properties/windowpane/bottom_k/floorplan/29_7a_1f51c95a1e83d18ff7977ee84a4f_0003.jpg, id=651, 642.4pt x 270.00874pt>
File: chapters/plots/ranked_properties/windowpane/bottom_k/floorplan/29_7a_1f51c95a1e83d18ff7977ee84a4f_0003.jpg Graphic file (type jpg)
<use chapters/plots/ranked_properties/windowpane/bottom_k/floorplan/29_7a_1f51c95a1e83d18ff7977ee84a4f_0003.jpg>
Package pdftex.def Info: chapters/plots/ranked_properties/windowpane/bottom_k/floorplan/29_7a_1f51c95a1e83d18ff7977ee84a4f_0003.jpg  used on input line 611.
(pdftex.def)             Requested size: 103.02852pt x 43.30115pt.
<chapters/plots/ranked_properties/windowpane/bottom_k/livingroom/29_7a_1f51c95a1e83d18ff7977ee84a4f_0002.jpg, id=652, 90.3375pt x 120.45pt>
File: chapters/plots/ranked_properties/windowpane/bottom_k/livingroom/29_7a_1f51c95a1e83d18ff7977ee84a4f_0002.jpg Graphic file (type jpg)
<use chapters/plots/ranked_properties/windowpane/bottom_k/livingroom/29_7a_1f51c95a1e83d18ff7977ee84a4f_0002.jpg>
Package pdftex.def Info: chapters/plots/ranked_properties/windowpane/bottom_k/livingroom/29_7a_1f51c95a1e83d18ff7977ee84a4f_0002.jpg  used on input line 615.
(pdftex.def)             Requested size: 103.02852pt x 137.37321pt.

Underfull \vbox (badness 10000) has occurred while \output is active []



[39 <./chapters/plots/ranked_properties/std_value_raw_all/top_k/floorplan/15_a7_04fb7626adc9839a2593d6cd4f42_0001.jpg> <./chapters/plots/ranked_properties/std_value_raw_all/top_k/livingroom/15_a7_04fb7626adc9839a2593d6cd4f42_0003.jpg> <./chapters/plots/ranked_properties/std_value_raw_all/top_k/floorplan/25_95_f67b75758ae45833a6b3146a5093_0002.jpg> <./chapters/plots/ranked_properties/std_value_raw_all/top_k/livingroom/25_95_f67b75758ae45833a6b3146a5093_0010.jpg> <./chapters/plots/ranked_properties/std_value_raw_all/bottom_k/floorplan/0e_71_8cc2f7c9bdf62ed48ec31fe11dd8_0002.jpg> <./chapters/plots/ranked_properties/std_value_raw_all/bottom_k/livingroom/0e_71_8cc2f7c9bdf62ed48ec31fe11dd8_0005.jpg> <./chapters/plots/ranked_properties/std_value_raw_all/bottom_k/floorplan/23_cf_c3504d142c310c319927e413f9b4_0002.jpg> <./chapters/plots/ranked_properties/std_value_raw_all/bottom_k/livingroom/23_cf_c3504d142c310c319927e413f9b4_0003.jpg>]
<chapters/plots/ranked_properties/ceiling/top_k/floorplan/06_51_0b8ef8c9d9446fd1239774622f9f_0002.jpg, id=658, 349.305pt x 564.1075pt>
File: chapters/plots/ranked_properties/ceiling/top_k/floorplan/06_51_0b8ef8c9d9446fd1239774622f9f_0002.jpg Graphic file (type jpg)
<use chapters/plots/ranked_properties/ceiling/top_k/floorplan/06_51_0b8ef8c9d9446fd1239774622f9f_0002.jpg>
Package pdftex.def Info: chapters/plots/ranked_properties/ceiling/top_k/floorplan/06_51_0b8ef8c9d9446fd1239774622f9f_0002.jpg  used on input line 627.
(pdftex.def)             Requested size: 103.02852pt x 166.38445pt.
<chapters/plots/ranked_properties/ceiling/top_k/livingroom/06_51_0b8ef8c9d9446fd1239774622f9f_0003.jpg, id=659, 89.33376pt x 120.45pt>
File: chapters/plots/ranked_properties/ceiling/top_k/livingroom/06_51_0b8ef8c9d9446fd1239774622f9f_0003.jpg Graphic file (type jpg)
<use chapters/plots/ranked_properties/ceiling/top_k/livingroom/06_51_0b8ef8c9d9446fd1239774622f9f_0003.jpg>
Package pdftex.def Info: chapters/plots/ranked_properties/ceiling/top_k/livingroom/06_51_0b8ef8c9d9446fd1239774622f9f_0003.jpg  used on input line 631.
(pdftex.def)             Requested size: 103.02852pt x 138.92258pt.
<chapters/plots/ranked_properties/ceiling/top_k/floorplan/42_b5_ed74c84785b3e9a33bf6a54ee3c1_0001.jpg, id=660, 432.61626pt x 384.43625pt>
File: chapters/plots/ranked_properties/ceiling/top_k/floorplan/42_b5_ed74c84785b3e9a33bf6a54ee3c1_0001.jpg Graphic file (type jpg)
<use chapters/plots/ranked_properties/ceiling/top_k/floorplan/42_b5_ed74c84785b3e9a33bf6a54ee3c1_0001.jpg>
Package pdftex.def Info: chapters/plots/ranked_properties/ceiling/top_k/floorplan/42_b5_ed74c84785b3e9a33bf6a54ee3c1_0001.jpg  used on input line 635.
(pdftex.def)             Requested size: 103.02852pt x 91.55092pt.
<chapters/plots/ranked_properties/ceiling/top_k/livingroom/42_b5_ed74c84785b3e9a33bf6a54ee3c1_0006.jpg, id=661, 120.45pt x 120.45pt>
File: chapters/plots/ranked_properties/ceiling/top_k/livingroom/42_b5_ed74c84785b3e9a33bf6a54ee3c1_0006.jpg Graphic file (type jpg)
<use chapters/plots/ranked_properties/ceiling/top_k/livingroom/42_b5_ed74c84785b3e9a33bf6a54ee3c1_0006.jpg>
Package pdftex.def Info: chapters/plots/ranked_properties/ceiling/top_k/livingroom/42_b5_ed74c84785b3e9a33bf6a54ee3c1_0006.jpg  used on input line 639.
(pdftex.def)             Requested size: 103.02852pt x 103.03175pt.
<chapters/plots/ranked_properties/ceiling/bottom_k/floorplan/07_fc_1e6d0c336d417e2af325358cfa1e_0002.jpg, id=662, 382.42876pt x 558.085pt>
File: chapters/plots/ranked_properties/ceiling/bottom_k/floorplan/07_fc_1e6d0c336d417e2af325358cfa1e_0002.jpg Graphic file (type jpg)
<use chapters/plots/ranked_properties/ceiling/bottom_k/floorplan/07_fc_1e6d0c336d417e2af325358cfa1e_0002.jpg>
Package pdftex.def Info: chapters/plots/ranked_properties/ceiling/bottom_k/floorplan/07_fc_1e6d0c336d417e2af325358cfa1e_0002.jpg  used on input line 644.
(pdftex.def)             Requested size: 103.02852pt x 150.35284pt.
<chapters/plots/ranked_properties/ceiling/bottom_k/livingroom/07_fc_1e6d0c336d417e2af325358cfa1e_0005.jpg, id=663, 120.45pt x 90.3375pt>
File: chapters/plots/ranked_properties/ceiling/bottom_k/livingroom/07_fc_1e6d0c336d417e2af325358cfa1e_0005.jpg Graphic file (type jpg)
<use chapters/plots/ranked_properties/ceiling/bottom_k/livingroom/07_fc_1e6d0c336d417e2af325358cfa1e_0005.jpg>
Package pdftex.def Info: chapters/plots/ranked_properties/ceiling/bottom_k/livingroom/07_fc_1e6d0c336d417e2af325358cfa1e_0005.jpg  used on input line 648.
(pdftex.def)             Requested size: 103.02852pt x 77.2738pt.
<chapters/plots/ranked_properties/ceiling/bottom_k/floorplan/0f_c8_7478b324cc7c44b35a3b9e1dd340_0002.jpg, id=664, 435.6275pt x 331.2375pt>
File: chapters/plots/ranked_properties/ceiling/bottom_k/floorplan/0f_c8_7478b324cc7c44b35a3b9e1dd340_0002.jpg Graphic file (type jpg)
<use chapters/plots/ranked_properties/ceiling/bottom_k/floorplan/0f_c8_7478b324cc7c44b35a3b9e1dd340_0002.jpg>
Package pdftex.def Info: chapters/plots/ranked_properties/ceiling/bottom_k/floorplan/0f_c8_7478b324cc7c44b35a3b9e1dd340_0002.jpg  used on input line 652.
(pdftex.def)             Requested size: 103.02852pt x 78.33614pt.
<chapters/plots/ranked_properties/ceiling/bottom_k/livingroom/0f_c8_7478b324cc7c44b35a3b9e1dd340_0005.jpg, id=665, 120.45pt x 90.3375pt>
File: chapters/plots/ranked_properties/ceiling/bottom_k/livingroom/0f_c8_7478b324cc7c44b35a3b9e1dd340_0005.jpg Graphic file (type jpg)
<use chapters/plots/ranked_properties/ceiling/bottom_k/livingroom/0f_c8_7478b324cc7c44b35a3b9e1dd340_0005.jpg>
Package pdftex.def Info: chapters/plots/ranked_properties/ceiling/bottom_k/livingroom/0f_c8_7478b324cc7c44b35a3b9e1dd340_0005.jpg  used on input line 656.
(pdftex.def)             Requested size: 103.02852pt x 77.2738pt.

Underfull \vbox (badness 10000) has occurred while \output is active []



[40 <./chapters/plots/ranked_properties/windowpane/top_k/floorplan/12_fc_ab7053681e787a077c7ac79a87cc_0001.jpg> <./chapters/plots/ranked_properties/windowpane/top_k/livingroom/12_fc_ab7053681e787a077c7ac79a87cc_0004.jpg> <./chapters/plots/ranked_properties/windowpane/top_k/floorplan/21_ce_5f9cc665f397a534afb3d328ba6e_0002.jpg> <./chapters/plots/ranked_properties/windowpane/top_k/livingroom/21_ce_5f9cc665f397a534afb3d328ba6e_0003.jpg> <./chapters/plots/ranked_properties/windowpane/bottom_k/floorplan/06_68_65ba9ef27b6ab9d58cfd41ec130c_0001.jpg> <./chapters/plots/ranked_properties/windowpane/bottom_k/livingroom/06_68_65ba9ef27b6ab9d58cfd41ec130c_0006.jpg> <./chapters/plots/ranked_properties/windowpane/bottom_k/floorplan/29_7a_1f51c95a1e83d18ff7977ee84a4f_0003.jpg> <./chapters/plots/ranked_properties/windowpane/bottom_k/livingroom/29_7a_1f51c95a1e83d18ff7977ee84a4f_0002.jpg>]
<chapters/plots/ranked_properties/floor/top_k/floorplan/10_d3_a124059139452f4258761327706c_0001.jpg, id=671, 507.8975pt x 803.0pt>
File: chapters/plots/ranked_properties/floor/top_k/floorplan/10_d3_a124059139452f4258761327706c_0001.jpg Graphic file (type jpg)
<use chapters/plots/ranked_properties/floor/top_k/floorplan/10_d3_a124059139452f4258761327706c_0001.jpg>
Package pdftex.def Info: chapters/plots/ranked_properties/floor/top_k/floorplan/10_d3_a124059139452f4258761327706c_0001.jpg  used on input line 668.
(pdftex.def)             Requested size: 103.02852pt x 162.88843pt.
<chapters/plots/ranked_properties/floor/top_k/livingroom/10_d3_a124059139452f4258761327706c_0006.jpg, id=672, 120.45pt x 90.3375pt>
File: chapters/plots/ranked_properties/floor/top_k/livingroom/10_d3_a124059139452f4258761327706c_0006.jpg Graphic file (type jpg)
<use chapters/plots/ranked_properties/floor/top_k/livingroom/10_d3_a124059139452f4258761327706c_0006.jpg>
Package pdftex.def Info: chapters/plots/ranked_properties/floor/top_k/livingroom/10_d3_a124059139452f4258761327706c_0006.jpg  used on input line 672.
(pdftex.def)             Requested size: 103.02852pt x 77.2738pt.
<chapters/plots/ranked_properties/floor/top_k/floorplan/13_4b_f382d831061446a50e8ccdc147ac_0002.jpg, id=673, 364.36125pt x 557.08125pt>
File: chapters/plots/ranked_properties/floor/top_k/floorplan/13_4b_f382d831061446a50e8ccdc147ac_0002.jpg Graphic file (type jpg)
<use chapters/plots/ranked_properties/floor/top_k/floorplan/13_4b_f382d831061446a50e8ccdc147ac_0002.jpg>
Package pdftex.def Info: chapters/plots/ranked_properties/floor/top_k/floorplan/13_4b_f382d831061446a50e8ccdc147ac_0002.jpg  used on input line 676.
(pdftex.def)             Requested size: 103.02852pt x 157.52025pt.
<chapters/plots/ranked_properties/floor/top_k/livingroom/13_4b_f382d831061446a50e8ccdc147ac_0003.jpg, id=674, 120.45pt x 90.3375pt>
File: chapters/plots/ranked_properties/floor/top_k/livingroom/13_4b_f382d831061446a50e8ccdc147ac_0003.jpg Graphic file (type jpg)
<use chapters/plots/ranked_properties/floor/top_k/livingroom/13_4b_f382d831061446a50e8ccdc147ac_0003.jpg>
Package pdftex.def Info: chapters/plots/ranked_properties/floor/top_k/livingroom/13_4b_f382d831061446a50e8ccdc147ac_0003.jpg  used on input line 680.
(pdftex.def)             Requested size: 103.02852pt x 77.2738pt.
<chapters/plots/ranked_properties/floor/bottom_k/floorplan/07_eb_abc39f577becdc073052e0ee4590_0002.jpg, id=675, 638.385pt x 392.46625pt>
File: chapters/plots/ranked_properties/floor/bottom_k/floorplan/07_eb_abc39f577becdc073052e0ee4590_0002.jpg Graphic file (type jpg)
<use chapters/plots/ranked_properties/floor/bottom_k/floorplan/07_eb_abc39f577becdc073052e0ee4590_0002.jpg>
Package pdftex.def Info: chapters/plots/ranked_properties/floor/bottom_k/floorplan/07_eb_abc39f577becdc073052e0ee4590_0002.jpg  used on input line 685.
(pdftex.def)             Requested size: 103.02852pt x 63.33484pt.
<chapters/plots/ranked_properties/floor/bottom_k/livingroom/07_eb_abc39f577becdc073052e0ee4590_0003.jpg, id=676, 120.45pt x 91.34125pt>
File: chapters/plots/ranked_properties/floor/bottom_k/livingroom/07_eb_abc39f577becdc073052e0ee4590_0003.jpg Graphic file (type jpg)
<use chapters/plots/ranked_properties/floor/bottom_k/livingroom/07_eb_abc39f577becdc073052e0ee4590_0003.jpg>
Package pdftex.def Info: chapters/plots/ranked_properties/floor/bottom_k/livingroom/07_eb_abc39f577becdc073052e0ee4590_0003.jpg  used on input line 689.
(pdftex.def)             Requested size: 103.02852pt x 78.13242pt.

Underfull \hbox (badness 1189) in paragraph at lines 690--690
[]|\OT1/cmr/m/n/10.95 Low Floor - Liv-ing
 []

<chapters/plots/ranked_properties/floor/bottom_k/floorplan/cf_d7_25599f305dda3c420563eec70042_0001.jpg, id=677, 281.05pt x 281.05pt>
File: chapters/plots/ranked_properties/floor/bottom_k/floorplan/cf_d7_25599f305dda3c420563eec70042_0001.jpg Graphic file (type jpg)
<use chapters/plots/ranked_properties/floor/bottom_k/floorplan/cf_d7_25599f305dda3c420563eec70042_0001.jpg>
Package pdftex.def Info: chapters/plots/ranked_properties/floor/bottom_k/floorplan/cf_d7_25599f305dda3c420563eec70042_0001.jpg  used on input line 693.
(pdftex.def)             Requested size: 103.02852pt x 103.02625pt.
<chapters/plots/ranked_properties/floor/bottom_k/livingroom/cf_d7_25599f305dda3c420563eec70042_0003.jpg, id=678, 120.45pt x 100.375pt>
File: chapters/plots/ranked_properties/floor/bottom_k/livingroom/cf_d7_25599f305dda3c420563eec70042_0003.jpg Graphic file (type jpg)
<use chapters/plots/ranked_properties/floor/bottom_k/livingroom/cf_d7_25599f305dda3c420563eec70042_0003.jpg>
Package pdftex.def Info: chapters/plots/ranked_properties/floor/bottom_k/livingroom/cf_d7_25599f305dda3c420563eec70042_0003.jpg  used on input line 697.
(pdftex.def)             Requested size: 103.02852pt x 85.85979pt.

Underfull \hbox (badness 1189) in paragraph at lines 698--698
[]|\OT1/cmr/m/n/10.95 Low Floor - Liv-ing
 []


Underfull \vbox (badness 10000) has occurred while \output is active []



[41 <./chapters/plots/ranked_properties/ceiling/top_k/floorplan/06_51_0b8ef8c9d9446fd1239774622f9f_0002.jpg> <./chapters/plots/ranked_properties/ceiling/top_k/livingroom/06_51_0b8ef8c9d9446fd1239774622f9f_0003.jpg> <./chapters/plots/ranked_properties/ceiling/top_k/floorplan/42_b5_ed74c84785b3e9a33bf6a54ee3c1_0001.jpg> <./chapters/plots/ranked_properties/ceiling/top_k/livingroom/42_b5_ed74c84785b3e9a33bf6a54ee3c1_0006.jpg> <./chapters/plots/ranked_properties/ceiling/bottom_k/floorplan/07_fc_1e6d0c336d417e2af325358cfa1e_0002.jpg> <./chapters/plots/ranked_properties/ceiling/bottom_k/livingroom/07_fc_1e6d0c336d417e2af325358cfa1e_0005.jpg> <./chapters/plots/ranked_properties/ceiling/bottom_k/floorplan/0f_c8_7478b324cc7c44b35a3b9e1dd340_0002.jpg> <./chapters/plots/ranked_properties/ceiling/bottom_k/livingroom/0f_c8_7478b324cc7c44b35a3b9e1dd340_0005.jpg>]
<chapters/plots/ranked_properties/wall/top_k/floorplan/dd_cd_5ede679e5528561ed24c8b000140_0002.jpg, id=685, 516.93124pt x 538.01pt>
File: chapters/plots/ranked_properties/wall/top_k/floorplan/dd_cd_5ede679e5528561ed24c8b000140_0002.jpg Graphic file (type jpg)
<use chapters/plots/ranked_properties/wall/top_k/floorplan/dd_cd_5ede679e5528561ed24c8b000140_0002.jpg>
Package pdftex.def Info: chapters/plots/ranked_properties/wall/top_k/floorplan/dd_cd_5ede679e5528561ed24c8b000140_0002.jpg  used on input line 709.
(pdftex.def)             Requested size: 103.02852pt x 107.22246pt.
<chapters/plots/ranked_properties/wall/top_k/livingroom/dd_cd_5ede679e5528561ed24c8b000140_0005.jpg, id=686, 120.45pt x 90.3375pt>
File: chapters/plots/ranked_properties/wall/top_k/livingroom/dd_cd_5ede679e5528561ed24c8b000140_0005.jpg Graphic file (type jpg)
<use chapters/plots/ranked_properties/wall/top_k/livingroom/dd_cd_5ede679e5528561ed24c8b000140_0005.jpg>
Package pdftex.def Info: chapters/plots/ranked_properties/wall/top_k/livingroom/dd_cd_5ede679e5528561ed24c8b000140_0005.jpg  used on input line 713.
(pdftex.def)             Requested size: 103.02852pt x 77.2738pt.

Underfull \hbox (badness 1478) in paragraph at lines 714--714
[]|\OT1/cmr/m/n/10.95 High Wall - Liv-ing
 []

<chapters/plots/ranked_properties/wall/top_k/floorplan/1c_09_71803d8a85fbd9867bb8087d58a6_0002.jpg, id=687, 501.875pt x 501.875pt>
File: chapters/plots/ranked_properties/wall/top_k/floorplan/1c_09_71803d8a85fbd9867bb8087d58a6_0002.jpg Graphic file (type jpg)
<use chapters/plots/ranked_properties/wall/top_k/floorplan/1c_09_71803d8a85fbd9867bb8087d58a6_0002.jpg>
Package pdftex.def Info: chapters/plots/ranked_properties/wall/top_k/floorplan/1c_09_71803d8a85fbd9867bb8087d58a6_0002.jpg  used on input line 717.
(pdftex.def)             Requested size: 103.02852pt x 103.02287pt.
<chapters/plots/ranked_properties/wall/top_k/livingroom/1c_09_71803d8a85fbd9867bb8087d58a6_0005.jpg, id=688, 120.45pt x 90.3375pt>
File: chapters/plots/ranked_properties/wall/top_k/livingroom/1c_09_71803d8a85fbd9867bb8087d58a6_0005.jpg Graphic file (type jpg)
<use chapters/plots/ranked_properties/wall/top_k/livingroom/1c_09_71803d8a85fbd9867bb8087d58a6_0005.jpg>
Package pdftex.def Info: chapters/plots/ranked_properties/wall/top_k/livingroom/1c_09_71803d8a85fbd9867bb8087d58a6_0005.jpg  used on input line 721.
(pdftex.def)             Requested size: 103.02852pt x 77.2738pt.

Underfull \hbox (badness 1478) in paragraph at lines 722--722
[]|\OT1/cmr/m/n/10.95 High Wall - Liv-ing
 []

<chapters/plots/ranked_properties/wall/bottom_k/floorplan/0b_a5_e5ed745128fae63c4e99a7642c90_0002.jpg, id=689, 602.25pt x 378.41376pt>
File: chapters/plots/ranked_properties/wall/bottom_k/floorplan/0b_a5_e5ed745128fae63c4e99a7642c90_0002.jpg Graphic file (type jpg)
<use chapters/plots/ranked_properties/wall/bottom_k/floorplan/0b_a5_e5ed745128fae63c4e99a7642c90_0002.jpg>
Package pdftex.def Info: chapters/plots/ranked_properties/wall/bottom_k/floorplan/0b_a5_e5ed745128fae63c4e99a7642c90_0002.jpg  used on input line 726.
(pdftex.def)             Requested size: 103.02852pt x 64.73367pt.
<chapters/plots/ranked_properties/wall/bottom_k/livingroom/0b_a5_e5ed745128fae63c4e99a7642c90_0005.jpg, id=690, 120.45pt x 90.3375pt>
File: chapters/plots/ranked_properties/wall/bottom_k/livingroom/0b_a5_e5ed745128fae63c4e99a7642c90_0005.jpg Graphic file (type jpg)
<use chapters/plots/ranked_properties/wall/bottom_k/livingroom/0b_a5_e5ed745128fae63c4e99a7642c90_0005.jpg>
Package pdftex.def Info: chapters/plots/ranked_properties/wall/bottom_k/livingroom/0b_a5_e5ed745128fae63c4e99a7642c90_0005.jpg  used on input line 730.
(pdftex.def)             Requested size: 103.02852pt x 77.2738pt.

Underfull \hbox (badness 2653) in paragraph at lines 731--731
[]|\OT1/cmr/m/n/10.95 Low Wall - Liv-ing
 []

<chapters/plots/ranked_properties/wall/bottom_k/floorplan/40_e1_224ee89fc5abd1a6d916acb5db6f_0001.jpg, id=691, 408.52625pt x 642.4pt>
File: chapters/plots/ranked_properties/wall/bottom_k/floorplan/40_e1_224ee89fc5abd1a6d916acb5db6f_0001.jpg Graphic file (type jpg)
<use chapters/plots/ranked_properties/wall/bottom_k/floorplan/40_e1_224ee89fc5abd1a6d916acb5db6f_0001.jpg>
Package pdftex.def Info: chapters/plots/ranked_properties/wall/bottom_k/floorplan/40_e1_224ee89fc5abd1a6d916acb5db6f_0001.jpg  used on input line 734.
(pdftex.def)             Requested size: 103.02852pt x 162.01112pt.
<chapters/plots/ranked_properties/wall/bottom_k/livingroom/40_e1_224ee89fc5abd1a6d916acb5db6f_0003.jpg, id=692, 90.3375pt x 120.45pt>
File: chapters/plots/ranked_properties/wall/bottom_k/livingroom/40_e1_224ee89fc5abd1a6d916acb5db6f_0003.jpg Graphic file (type jpg)
<use chapters/plots/ranked_properties/wall/bottom_k/livingroom/40_e1_224ee89fc5abd1a6d916acb5db6f_0003.jpg>
Package pdftex.def Info: chapters/plots/ranked_properties/wall/bottom_k/livingroom/40_e1_224ee89fc5abd1a6d916acb5db6f_0003.jpg  used on input line 738.
(pdftex.def)             Requested size: 103.02852pt x 137.37321pt.

Underfull \hbox (badness 2653) in paragraph at lines 739--739
[]|\OT1/cmr/m/n/10.95 Low Wall - Liv-ing
 []


Underfull \vbox (badness 10000) has occurred while \output is active []



[42 <./chapters/plots/ranked_properties/floor/top_k/floorplan/10_d3_a124059139452f4258761327706c_0001.jpg> <./chapters/plots/ranked_properties/floor/top_k/livingroom/10_d3_a124059139452f4258761327706c_0006.jpg> <./chapters/plots/ranked_properties/floor/top_k/floorplan/13_4b_f382d831061446a50e8ccdc147ac_0002.jpg> <./chapters/plots/ranked_properties/floor/top_k/livingroom/13_4b_f382d831061446a50e8ccdc147ac_0003.jpg> <./chapters/plots/ranked_properties/floor/bottom_k/floorplan/07_eb_abc39f577becdc073052e0ee4590_0002.jpg> <./chapters/plots/ranked_properties/floor/bottom_k/livingroom/07_eb_abc39f577becdc073052e0ee4590_0003.jpg> <./chapters/plots/ranked_properties/floor/bottom_k/floorplan/cf_d7_25599f305dda3c420563eec70042_0001.jpg> <./chapters/plots/ranked_properties/floor/bottom_k/livingroom/cf_d7_25599f305dda3c420563eec70042_0003.jpg>]
<chapters/plots/ranked_properties/high_mean_value_raw_all_low_windowpane/floorplan/50_ce_c18887f633d07821c92f509fc6e5_0001.jpg, id=698, 279.0425pt x 502.87875pt>
File: chapters/plots/ranked_properties/high_mean_value_raw_all_low_windowpane/floorplan/50_ce_c18887f633d07821c92f509fc6e5_0001.jpg Graphic file (type jpg)
<use chapters/plots/ranked_properties/high_mean_value_raw_all_low_windowpane/floorplan/50_ce_c18887f633d07821c92f509fc6e5_0001.jpg>
Package pdftex.def Info: chapters/plots/ranked_properties/high_mean_value_raw_all_low_windowpane/floorplan/50_ce_c18887f633d07821c92f509fc6e5_0001.jpg  used on input line 752.
(pdftex.def)             Requested size: 103.02852pt x 185.67088pt.
<chapters/plots/ranked_properties/high_mean_value_raw_all_low_windowpane/interior/50_ce_c18887f633d07821c92f509fc6e5_0003.jpg, id=699, 120.45pt x 120.45pt>
File: chapters/plots/ranked_properties/high_mean_value_raw_all_low_windowpane/interior/50_ce_c18887f633d07821c92f509fc6e5_0003.jpg Graphic file (type jpg)
<use chapters/plots/ranked_properties/high_mean_value_raw_all_low_windowpane/interior/50_ce_c18887f633d07821c92f509fc6e5_0003.jpg>
Package pdftex.def Info: chapters/plots/ranked_properties/high_mean_value_raw_all_low_windowpane/interior/50_ce_c18887f633d07821c92f509fc6e5_0003.jpg  used on input line 756.
(pdftex.def)             Requested size: 103.02852pt x 103.03175pt.
<chapters/plots/ranked_properties/high_mean_value_raw_all_low_windowpane/floorplan/52_a8_5d745c13c0ce8ef62ced75cdacb2_0002.jpg, id=700, 408.52625pt x 330.23375pt>
File: chapters/plots/ranked_properties/high_mean_value_raw_all_low_windowpane/floorplan/52_a8_5d745c13c0ce8ef62ced75cdacb2_0002.jpg Graphic file (type jpg)
<use chapters/plots/ranked_properties/high_mean_value_raw_all_low_windowpane/floorplan/52_a8_5d745c13c0ce8ef62ced75cdacb2_0002.jpg>
Package pdftex.def Info: chapters/plots/ranked_properties/high_mean_value_raw_all_low_windowpane/floorplan/52_a8_5d745c13c0ce8ef62ced75cdacb2_0002.jpg  used on input line 760.
(pdftex.def)             Requested size: 103.02852pt x 83.28383pt.
<chapters/plots/ranked_properties/high_mean_value_raw_all_low_windowpane/interior/52_a8_5d745c13c0ce8ef62ced75cdacb2_0005.jpg, id=701, 120.45pt x 90.3375pt>
File: chapters/plots/ranked_properties/high_mean_value_raw_all_low_windowpane/interior/52_a8_5d745c13c0ce8ef62ced75cdacb2_0005.jpg Graphic file (type jpg)
<use chapters/plots/ranked_properties/high_mean_value_raw_all_low_windowpane/interior/52_a8_5d745c13c0ce8ef62ced75cdacb2_0005.jpg>
Package pdftex.def Info: chapters/plots/ranked_properties/high_mean_value_raw_all_low_windowpane/interior/52_a8_5d745c13c0ce8ef62ced75cdacb2_0005.jpg  used on input line 764.
(pdftex.def)             Requested size: 103.02852pt x 77.2738pt.

Underfull \vbox (badness 10000) has occurred while \output is active []



[43 <./chapters/plots/ranked_properties/wall/top_k/floorplan/dd_cd_5ede679e5528561ed24c8b000140_0002.jpg> <./chapters/plots/ranked_properties/wall/top_k/livingroom/dd_cd_5ede679e5528561ed24c8b000140_0005.jpg> <./chapters/plots/ranked_properties/wall/top_k/floorplan/1c_09_71803d8a85fbd9867bb8087d58a6_0002.jpg> <./chapters/plots/ranked_properties/wall/top_k/livingroom/1c_09_71803d8a85fbd9867bb8087d58a6_0005.jpg> <./chapters/plots/ranked_properties/wall/bottom_k/floorplan/0b_a5_e5ed745128fae63c4e99a7642c90_0002.jpg> <./chapters/plots/ranked_properties/wall/bottom_k/livingroom/0b_a5_e5ed745128fae63c4e99a7642c90_0005.jpg> <./chapters/plots/ranked_properties/wall/bottom_k/floorplan/40_e1_224ee89fc5abd1a6d916acb5db6f_0001.jpg> <./chapters/plots/ranked_properties/wall/bottom_k/livingroom/40_e1_224ee89fc5abd1a6d916acb5db6f_0003.jpg>]
<chapters/plots/ranked_properties/high_mean_value_raw_all_high_windowpane/floorplan/12_b6_10d6ee0bc39bfc0c964529e8a0f3_0002.jpg, id=707, 596.2275pt x 626.34pt>
File: chapters/plots/ranked_properties/high_mean_value_raw_all_high_windowpane/floorplan/12_b6_10d6ee0bc39bfc0c964529e8a0f3_0002.jpg Graphic file (type jpg)
<use chapters/plots/ranked_properties/high_mean_value_raw_all_high_windowpane/floorplan/12_b6_10d6ee0bc39bfc0c964529e8a0f3_0002.jpg>
Package pdftex.def Info: chapters/plots/ranked_properties/high_mean_value_raw_all_high_windowpane/floorplan/12_b6_10d6ee0bc39bfc0c964529e8a0f3_0002.jpg  used on input line 776.
(pdftex.def)             Requested size: 103.02852pt x 108.22534pt.
<chapters/plots/ranked_properties/high_mean_value_raw_all_high_windowpane/interior/12_b6_10d6ee0bc39bfc0c964529e8a0f3_0008.jpg, id=708, 120.45pt x 92.345pt>
File: chapters/plots/ranked_properties/high_mean_value_raw_all_high_windowpane/interior/12_b6_10d6ee0bc39bfc0c964529e8a0f3_0008.jpg Graphic file (type jpg)
<use chapters/plots/ranked_properties/high_mean_value_raw_all_high_windowpane/interior/12_b6_10d6ee0bc39bfc0c964529e8a0f3_0008.jpg>
Package pdftex.def Info: chapters/plots/ranked_properties/high_mean_value_raw_all_high_windowpane/interior/12_b6_10d6ee0bc39bfc0c964529e8a0f3_0008.jpg  used on input line 780.
(pdftex.def)             Requested size: 103.02852pt x 78.991pt.
<chapters/plots/ranked_properties/high_mean_value_raw_all_high_windowpane/floorplan/38_0d_4e9b32327ff72f5bb8180cc2350d_0003.jpg, id=709, 625.33624pt x 481.8pt>
File: chapters/plots/ranked_properties/high_mean_value_raw_all_high_windowpane/floorplan/38_0d_4e9b32327ff72f5bb8180cc2350d_0003.jpg Graphic file (type jpg)
<use chapters/plots/ranked_properties/high_mean_value_raw_all_high_windowpane/floorplan/38_0d_4e9b32327ff72f5bb8180cc2350d_0003.jpg>
Package pdftex.def Info: chapters/plots/ranked_properties/high_mean_value_raw_all_high_windowpane/floorplan/38_0d_4e9b32327ff72f5bb8180cc2350d_0003.jpg  used on input line 784.
(pdftex.def)             Requested size: 103.02852pt x 79.37593pt.
<chapters/plots/ranked_properties/high_mean_value_raw_all_high_windowpane/interior/38_0d_4e9b32327ff72f5bb8180cc2350d_0007.jpg, id=710, 120.45pt x 90.3375pt>
File: chapters/plots/ranked_properties/high_mean_value_raw_all_high_windowpane/interior/38_0d_4e9b32327ff72f5bb8180cc2350d_0007.jpg Graphic file (type jpg)
<use chapters/plots/ranked_properties/high_mean_value_raw_all_high_windowpane/interior/38_0d_4e9b32327ff72f5bb8180cc2350d_0007.jpg>
Package pdftex.def Info: chapters/plots/ranked_properties/high_mean_value_raw_all_high_windowpane/interior/38_0d_4e9b32327ff72f5bb8180cc2350d_0007.jpg  used on input line 788.
(pdftex.def)             Requested size: 103.02852pt x 77.2738pt.
<chapters/plots/ranked_properties/low_mean_value_raw_all_high_windowpane/floorplan/0f_60_4389dc3851937a3a3e78da1e1e5e_0002.jpg, id=711, 430.60875pt x 376.40625pt>
File: chapters/plots/ranked_properties/low_mean_value_raw_all_high_windowpane/floorplan/0f_60_4389dc3851937a3a3e78da1e1e5e_0002.jpg Graphic file (type jpg)
<use chapters/plots/ranked_properties/low_mean_value_raw_all_high_windowpane/floorplan/0f_60_4389dc3851937a3a3e78da1e1e5e_0002.jpg>
Package pdftex.def Info: chapters/plots/ranked_properties/low_mean_value_raw_all_high_windowpane/floorplan/0f_60_4389dc3851937a3a3e78da1e1e5e_0002.jpg  used on input line 800.
(pdftex.def)             Requested size: 103.02852pt x 90.0579pt.
<chapters/plots/ranked_properties/low_mean_value_raw_all_high_windowpane/interior/0f_60_4389dc3851937a3a3e78da1e1e5e_0003.jpg, id=712, 88.33pt x 120.45pt>
File: chapters/plots/ranked_properties/low_mean_value_raw_all_high_windowpane/interior/0f_60_4389dc3851937a3a3e78da1e1e5e_0003.jpg Graphic file (type jpg)
<use chapters/plots/ranked_properties/low_mean_value_raw_all_high_windowpane/interior/0f_60_4389dc3851937a3a3e78da1e1e5e_0003.jpg>
Package pdftex.def Info: chapters/plots/ranked_properties/low_mean_value_raw_all_high_windowpane/interior/0f_60_4389dc3851937a3a3e78da1e1e5e_0003.jpg  used on input line 804.
(pdftex.def)             Requested size: 103.02852pt x 140.49583pt.
<chapters/plots/ranked_properties/low_mean_value_raw_all_high_windowpane/floorplan/2b_af_6cbd477454741678ed92a966fa38_0002.jpg, id=713, 351.3125pt x 351.3125pt>
File: chapters/plots/ranked_properties/low_mean_value_raw_all_high_windowpane/floorplan/2b_af_6cbd477454741678ed92a966fa38_0002.jpg Graphic file (type jpg)
<use chapters/plots/ranked_properties/low_mean_value_raw_all_high_windowpane/floorplan/2b_af_6cbd477454741678ed92a966fa38_0002.jpg>
Package pdftex.def Info: chapters/plots/ranked_properties/low_mean_value_raw_all_high_windowpane/floorplan/2b_af_6cbd477454741678ed92a966fa38_0002.jpg  used on input line 808.
(pdftex.def)             Requested size: 103.02852pt x 103.03053pt.
<chapters/plots/ranked_properties/low_mean_value_raw_all_high_windowpane/interior/2b_af_6cbd477454741678ed92a966fa38_0003.jpg, id=714, 120.45pt x 90.3375pt>
File: chapters/plots/ranked_properties/low_mean_value_raw_all_high_windowpane/interior/2b_af_6cbd477454741678ed92a966fa38_0003.jpg Graphic file (type jpg)
<use chapters/plots/ranked_properties/low_mean_value_raw_all_high_windowpane/interior/2b_af_6cbd477454741678ed92a966fa38_0003.jpg>
Package pdftex.def Info: chapters/plots/ranked_properties/low_mean_value_raw_all_high_windowpane/interior/2b_af_6cbd477454741678ed92a966fa38_0003.jpg  used on input line 812.
(pdftex.def)             Requested size: 103.02852pt x 77.2738pt.

Underfull \vbox (badness 2680) has occurred while \output is active []



[44 <./chapters/plots/ranked_properties/high_mean_value_raw_all_low_windowpane/floorplan/50_ce_c18887f633d07821c92f509fc6e5_0001.jpg> <./chapters/plots/ranked_properties/high_mean_value_raw_all_low_windowpane/interior/50_ce_c18887f633d07821c92f509fc6e5_0003.jpg> <./chapters/plots/ranked_properties/high_mean_value_raw_all_low_windowpane/floorplan/52_a8_5d745c13c0ce8ef62ced75cdacb2_0002.jpg> <./chapters/plots/ranked_properties/high_mean_value_raw_all_low_windowpane/interior/52_a8_5d745c13c0ce8ef62ced75cdacb2_0005.jpg> <./chapters/plots/ranked_properties/high_mean_value_raw_all_high_windowpane/floorplan/12_b6_10d6ee0bc39bfc0c964529e8a0f3_0002.jpg> <./chapters/plots/ranked_properties/high_mean_value_raw_all_high_windowpane/interior/12_b6_10d6ee0bc39bfc0c964529e8a0f3_0008.jpg> <./chapters/plots/ranked_properties/high_mean_value_raw_all_high_windowpane/floorplan/38_0d_4e9b32327ff72f5bb8180cc2350d_0003.jpg> <./chapters/plots/ranked_properties/high_mean_value_raw_all_high_windowpane/interior/38_0d_4e9b32327ff72f5bb8180cc2350d_0007.jpg>]
<chapters/plots/ranked_properties/low_mean_value_raw_all_low_windowpane/floorplan/50_4f_f64209392200a7733dd015ec748f_0002.jpg, id=721, 551.05875pt x 1027.84pt>
File: chapters/plots/ranked_properties/low_mean_value_raw_all_low_windowpane/floorplan/50_4f_f64209392200a7733dd015ec748f_0002.jpg Graphic file (type jpg)
<use chapters/plots/ranked_properties/low_mean_value_raw_all_low_windowpane/floorplan/50_4f_f64209392200a7733dd015ec748f_0002.jpg>
Package pdftex.def Info: chapters/plots/ranked_properties/low_mean_value_raw_all_low_windowpane/floorplan/50_4f_f64209392200a7733dd015ec748f_0002.jpg  used on input line 824.
(pdftex.def)             Requested size: 103.02852pt x 192.1706pt.
<chapters/plots/ranked_properties/low_mean_value_raw_all_low_windowpane/interior/50_4f_f64209392200a7733dd015ec748f_0003.jpg, id=722, 120.45pt x 90.3375pt>
File: chapters/plots/ranked_properties/low_mean_value_raw_all_low_windowpane/interior/50_4f_f64209392200a7733dd015ec748f_0003.jpg Graphic file (type jpg)
<use chapters/plots/ranked_properties/low_mean_value_raw_all_low_windowpane/interior/50_4f_f64209392200a7733dd015ec748f_0003.jpg>
Package pdftex.def Info: chapters/plots/ranked_properties/low_mean_value_raw_all_low_windowpane/interior/50_4f_f64209392200a7733dd015ec748f_0003.jpg  used on input line 828.
(pdftex.def)             Requested size: 103.02852pt x 77.2738pt.
<chapters/plots/ranked_properties/low_mean_value_raw_all_low_windowpane/floorplan/50_9d_20303e80370289d37407f96cf27f_0002.jpg, id=723, 270.00874pt x 602.25pt>
File: chapters/plots/ranked_properties/low_mean_value_raw_all_low_windowpane/floorplan/50_9d_20303e80370289d37407f96cf27f_0002.jpg Graphic file (type jpg)
<use chapters/plots/ranked_properties/low_mean_value_raw_all_low_windowpane/floorplan/50_9d_20303e80370289d37407f96cf27f_0002.jpg>
Package pdftex.def Info: chapters/plots/ranked_properties/low_mean_value_raw_all_low_windowpane/floorplan/50_9d_20303e80370289d37407f96cf27f_0002.jpg  used on input line 832.
(pdftex.def)             Requested size: 103.02852pt x 229.79471pt.
<chapters/plots/ranked_properties/low_mean_value_raw_all_low_windowpane/interior/50_9d_20303e80370289d37407f96cf27f_0005.jpg, id=724, 120.45pt x 90.3375pt>
File: chapters/plots/ranked_properties/low_mean_value_raw_all_low_windowpane/interior/50_9d_20303e80370289d37407f96cf27f_0005.jpg Graphic file (type jpg)
<use chapters/plots/ranked_properties/low_mean_value_raw_all_low_windowpane/interior/50_9d_20303e80370289d37407f96cf27f_0005.jpg>
Package pdftex.def Info: chapters/plots/ranked_properties/low_mean_value_raw_all_low_windowpane/interior/50_9d_20303e80370289d37407f96cf27f_0005.jpg  used on input line 836.
(pdftex.def)             Requested size: 103.02852pt x 77.2738pt.
) (./chapters/04_Conclusions.tex

[45 <./chapters/plots/ranked_properties/low_mean_value_raw_all_high_windowpane/floorplan/0f_60_4389dc3851937a3a3e78da1e1e5e_0002.jpg> <./chapters/plots/ranked_properties/low_mean_value_raw_all_high_windowpane/interior/0f_60_4389dc3851937a3a3e78da1e1e5e_0003.jpg> <./chapters/plots/ranked_properties/low_mean_value_raw_all_high_windowpane/floorplan/2b_af_6cbd477454741678ed92a966fa38_0002.jpg> <./chapters/plots/ranked_properties/low_mean_value_raw_all_high_windowpane/interior/2b_af_6cbd477454741678ed92a966fa38_0003.jpg> <./chapters/plots/ranked_properties/low_mean_value_raw_all_low_windowpane/floorplan/50_4f_f64209392200a7733dd015ec748f_0002.jpg> <./chapters/plots/ranked_properties/low_mean_value_raw_all_low_windowpane/interior/50_4f_f64209392200a7733dd015ec748f_0003.jpg> <./chapters/plots/ranked_properties/low_mean_value_raw_all_low_windowpane/floorplan/50_9d_20303e80370289d37407f96cf27f_0002.jpg> <./chapters/plots/ranked_properties/low_mean_value_raw_all_low_windowpane/interior/50_9d_20303e80370289d37407f96cf27f_0005.jpg>]
Chapter 4.


[46

]

[47]

[48]

[49]) (/usr/local/texlive/2025/texmf-dist/tex/latex/cjk/texinput/UTF8/UTF8.bdg
File: UTF8.bdg 2021/10/16 4.8.5
) (/usr/local/texlive/2025/texmf-dist/tex/latex/cjk/texinput/UTF8/UTF8.enc
File: UTF8.enc 2021/10/16 4.8.5
) (/usr/local/texlive/2025/texmf-dist/tex/latex/cjk/texinput/UTF8/UTF8.chr
File: UTF8.chr 2021/10/16 4.8.5
) (./main.bbl

[50]

[51]
LaTeX Font Info:    Trying to load font information for C70+min on input line 16.
 (/usr/local/texlive/2025/texmf-dist/tex/latex/cjk/contrib/wadalab/c70min.fd
File: c70min.fd 2021/10/16 4.8.5
) (/usr/local/texlive/2025/texmf-dist/tex/latex/cjk/contrib/wadalab/c70min.fdx
File: c70min.fdx 2021/10/16 4.8.5
)

LaTeX Font Warning: Font shape `C70/min/m/it' undefined
(Font)              using `C70/min/m/n' instead on input line 16.

)

[52

] (./main.aux)
 ***********
LaTeX2e <2024-11-01> patch level 2
L3 programming layer <2025-01-18>
 ***********


LaTeX Font Warning: Some font shapes were not available, defaults substituted.

Package rerunfilecheck Info: File `main.out' has not changed.
(rerunfilecheck)             Checksum: 31ABBC4CE7020BB5D3AFCC0CFCF503F0;8868.
 ) 
Here is how much of TeX's memory you used:
 20164 strings out of 473190
 370241 string characters out of 5715800
 774814 words of memory out of 5000000
 42763 multiletter control sequences out of 15000+600000
 590596 words of font info for 156 fonts, out of 8000000 for 9000
 1141 hyphenation exceptions out of 8191
 75i,11n,79p,603b,1096s stack positions out of 10000i,1000n,20000p,200000b,200000s
</usr/local/texlive/2025/texmf-dist/fonts/type1/public/amsfonts/cm/cmbx12.pfb></usr/local/texlive/2025/texmf-dist/fonts/type1/public/amsfonts/cm/cmex10.pfb></usr/local/texlive/2025/texmf-dist/fonts/type1/public/amsfonts/cm/cmmi12.pfb></usr/local/texlive/2025/texmf-dist/fonts/type1/public/amsfonts/cm/cmmi8.pfb></usr/local/texlive/2025/texmf-dist/fonts/type1/public/amsfonts/cm/cmr10.pfb></usr/local/texlive/2025/texmf-dist/fonts/type1/public/amsfonts/cm/cmr12.pfb></usr/local/texlive/2025/texmf-dist/fonts/type1/public/amsfonts/cm/cmr17.pfb></usr/local/texlive/2025/texmf-dist/fonts/type1/public/amsfonts/cm/cmr8.pfb></usr/local/texlive/2025/texmf-dist/fonts/type1/public/amsfonts/cm/cmsy10.pfb></usr/local/texlive/2025/texmf-dist/fonts/type1/public/amsfonts/cm/cmti12.pfb></usr/local/texlive/2025/texmf-dist/fonts/type1/wadalab/dmj/dmjhira.pfb></usr/local/texlive/2025/texmf-dist/fonts/type1/wadalab/dmj/dmjka.pfb></usr/local/texlive/2025/texmf-dist/fonts/type1/wadalab/dmj/dmjkata.pfb></usr/local/texlive/2025/texmf-dist/fonts/type1/wadalab/dmj/dmjkb.pfb></usr/local/texlive/2025/texmf-dist/fonts/type1/wadalab/dmj/dmjkc.pfb></usr/local/texlive/2025/texmf-dist/fonts/type1/wadalab/dmj/dmjkd.pfb></usr/local/texlive/2025/texmf-dist/fonts/type1/wadalab/dmj/dmjke.pfb></usr/local/texlive/2025/texmf-dist/fonts/type1/wadalab/dmj/dmjkf.pfb></usr/local/texlive/2025/texmf-dist/fonts/type1/wadalab/dmj/dmjkg.pfb></usr/local/texlive/2025/texmf-dist/fonts/type1/wadalab/dmj/dmjkh.pfb></usr/local/texlive/2025/texmf-dist/fonts/type1/wadalab/dmj/dmjki.pfb></usr/local/texlive/2025/texmf-dist/fonts/type1/wadalab/dmj/dmjkj.pfb></usr/local/texlive/2025/texmf-dist/fonts/type1/wadalab/dmj/dmjkk.pfb></usr/local/texlive/2025/texmf-dist/fonts/type1/wadalab/dmj/dmjsy.pfb></usr/local/texlive/2025/texmf-dist/fonts/type1/public/cm-super/sfrm1200.pfb>
Output written on main.pdf (60 pages, 6838001 bytes).
PDF statistics:
 956 PDF objects out of 1000 (max. 8388607)
 716 compressed objects within 8 object streams
 184 named destinations out of 1000 (max. 500000)
 850 words of extra memory for PDF output out of 10000 (max. 10000000)

